<html>
<body>
<pre>
<h1>µVision Build Log</h1>
<h2>Tool Versions:</h2>
IDE-Version: ÂµVision V5.43.1.0
Copyright (C) 2025 ARM Ltd and ARM Germany GmbH. All rights reserved.
License Information: Sy Admin, Crio, LIC=----
 
Tool Versions:
Toolchain:       MDK-Lite  Version: 5.43.0.0
Toolchain Path:  D:\KeilC\arm\ARM\ARMCLANG\Bin
C Compiler:      ArmClang.exe V6.24
Assembler:       Armasm.exe V6.24
Linker/Locator:  ArmLink.exe V6.24
Library Manager: ArmAr.exe V6.24
Hex Converter:   FromElf.exe V6.24
CPU DLL:         SARMCM3.DLL V5.43.0.0
Dialog DLL:      DCM.DLL V1.17.5.0
Target DLL:      UL2CM3.DLL V1.164.16.0
Dialog DLL:      TCM.DLL V1.56.6.0
 
<h2>Project:</h2>
D:\Project phase2\Sensor_ECU\Sensor_ECU.uvprojx
Project File Date:  08/01/2026

<h2>Output:</h2>
*** Using Compiler 'V6.24', folder: 'D:\KeilC\arm\ARM\ARMCLANG\Bin'
Rebuild target 'Sensor_ECU'
compiling hal_can.c...
compiling hal_mpu.c...
compiling sensor_state_machine.c...
compiling drv_timer.c...
compiling sensor_task.c...
compiling app_main.c...
compiling sensor_manager.c...
compiling drv_gpio.c...
compiling hal_vl53.c...
compiling drv_uart.c...
compiling drv_can.c...
compiling drv_i2c.c...
compiling vl53l1_platform.c...
compiling VL53L1X_calibration.c...
compiling VL53L1X_api.c...
assembling startup_stm32f10x_md.s...
compiling system_stm32f10x.c...
linking...
Program Size: Code=824 RO-data=252 RW-data=0 ZI-data=1640  
".\Sensor_ECU.axf" - 0 Error(s), 0 Warning(s).

<h2>Software Packages used:</h2>

Package Vendor: ARM
                https://www.keil.com/pack/ARM.CMSIS.6.3.0.pack
                ARM::CMSIS@6.3.0
                CMSIS (Common Microcontroller Software Interface Standard)
   * Component: CORE Version: 6.2.0

Package Vendor: Keil
                https://www.keil.com/pack/Keil.STM32F1xx_DFP.2.4.1.pack
                Keil::STM32F1xx_DFP@2.4.1
                STMicroelectronics STM32F1 Series Device Support, Drivers and Examples
   * Component: Startup Version: 1.0.0

<h2>Collection of Component include folders:</h2>
  ./RTE/Device/STM32F103C8
  ./RTE/_Sensor_ECU
  D:/KeilC/arm/pack/ARM/CMSIS/6.3.0/CMSIS/Core/Include
  D:/KeilC/arm/pack/Keil/STM32F1xx_DFP/2.4.1/Device/Include

<h2>Collection of Component Files used:</h2>

   * Component: ARM::CMSIS:CORE@6.2.0

   * Component: Keil::Device:Startup@1.0.0
      Source file:   Device/Source/ARM/STM32F1xx_OPT.s
      Source file:   Device/Source/ARM/startup_stm32f10x_md.s
      Include file:  RTE_Driver/Config/RTE_Device.h
      Source file:   Device/Source/system_stm32f10x.c
Build Time Elapsed:  00:00:01
</pre>
</body>
</html>
