Component: Arm Compiler for Embedded 6.24 Tool: armlink [5f371500]

==============================================================================

Section Cross References

    app_main.o(.ARM.exidx.text.main) refers to app_main.o(.text.main) for [Anonymous Symbol]
    hal_can.o(.text.HAL_CAN_Init) refers to drv_can.o(.text.DRV_CAN_Init) for DRV_CAN_Init
    hal_can.o(.ARM.exidx.text.HAL_CAN_Init) refers to hal_can.o(.text.HAL_CAN_Init) for [Anonymous Symbol]
    hal_can.o(.text.HAL_CAN_Send) refers to drv_can.o(.text.DRV_CAN_Send) for DRV_CAN_Send
    hal_can.o(.ARM.exidx.text.HAL_CAN_Send) refers to hal_can.o(.text.HAL_CAN_Send) for [Anonymous Symbol]
    hal_can.o(.text.HAL_CAN_Receive) refers to drv_can.o(.text.DRV_CAN_Receive) for DRV_CAN_Receive
    hal_can.o(.ARM.exidx.text.HAL_CAN_Receive) refers to hal_can.o(.text.HAL_CAN_Receive) for [Anonymous Symbol]
    hal_can.o(.text.HAL_CAN_SetFilter) refers to drv_can.o(.text.DRV_CAN_SetFilter) for DRV_CAN_SetFilter
    hal_can.o(.ARM.exidx.text.HAL_CAN_SetFilter) refers to hal_can.o(.text.HAL_CAN_SetFilter) for [Anonymous Symbol]
    hal_can.o(.text.HAL_CAN_Reset) refers to drv_can.o(.text.DRV_CAN_Reset) for DRV_CAN_Reset
    hal_can.o(.ARM.exidx.text.HAL_CAN_Reset) refers to hal_can.o(.text.HAL_CAN_Reset) for [Anonymous Symbol]
    hal_vl53.o(.text.HAL_VL53_Init) refers to vl53l1x_api.o(.text.VL53L1X_BootState) for VL53L1X_BootState
    hal_vl53.o(.text.HAL_VL53_Init) refers to hal_vl53.o(.text.VL53_Status) for VL53_Status
    hal_vl53.o(.text.HAL_VL53_Init) refers to vl53l1x_api.o(.text.VL53L1X_SensorInit) for VL53L1X_SensorInit
    hal_vl53.o(.text.HAL_VL53_Init) refers to vl53l1x_api.o(.text.VL53L1X_SetDistanceMode) for VL53L1X_SetDistanceMode
    hal_vl53.o(.text.HAL_VL53_Init) refers to vl53l1x_api.o(.text.VL53L1X_SetTimingBudgetInMs) for VL53L1X_SetTimingBudgetInMs
    hal_vl53.o(.text.HAL_VL53_Init) refers to vl53l1x_api.o(.text.VL53L1X_SetInterMeasurementInMs) for VL53L1X_SetInterMeasurementInMs
    hal_vl53.o(.ARM.exidx.text.HAL_VL53_Init) refers to hal_vl53.o(.text.HAL_VL53_Init) for [Anonymous Symbol]
    hal_vl53.o(.ARM.exidx.text.VL53_Status) refers to hal_vl53.o(.text.VL53_Status) for [Anonymous Symbol]
    hal_vl53.o(.text.HAL_VL53_Start) refers to vl53l1x_api.o(.text.VL53L1X_StartRanging) for VL53L1X_StartRanging
    hal_vl53.o(.text.HAL_VL53_Start) refers to hal_vl53.o(.text.VL53_Status) for VL53_Status
    hal_vl53.o(.ARM.exidx.text.HAL_VL53_Start) refers to hal_vl53.o(.text.HAL_VL53_Start) for [Anonymous Symbol]
    hal_vl53.o(.text.HAL_VL53_Stop) refers to vl53l1x_api.o(.text.VL53L1X_StopRanging) for VL53L1X_StopRanging
    hal_vl53.o(.text.HAL_VL53_Stop) refers to hal_vl53.o(.text.VL53_Status) for VL53_Status
    hal_vl53.o(.ARM.exidx.text.HAL_VL53_Stop) refers to hal_vl53.o(.text.HAL_VL53_Stop) for [Anonymous Symbol]
    hal_vl53.o(.text.HAL_VL53_IsDataReady) refers to vl53l1x_api.o(.text.VL53L1X_CheckForDataReady) for VL53L1X_CheckForDataReady
    hal_vl53.o(.text.HAL_VL53_IsDataReady) refers to hal_vl53.o(.text.VL53_Status) for VL53_Status
    hal_vl53.o(.ARM.exidx.text.HAL_VL53_IsDataReady) refers to hal_vl53.o(.text.HAL_VL53_IsDataReady) for [Anonymous Symbol]
    hal_vl53.o(.text.HAL_VL53_ReadDistance) refers to vl53l1x_api.o(.text.VL53L1X_GetDistance) for VL53L1X_GetDistance
    hal_vl53.o(.text.HAL_VL53_ReadDistance) refers to hal_vl53.o(.text.VL53_Status) for VL53_Status
    hal_vl53.o(.ARM.exidx.text.HAL_VL53_ReadDistance) refers to hal_vl53.o(.text.HAL_VL53_ReadDistance) for [Anonymous Symbol]
    hal_vl53.o(.text.HAL_VL53_ClearInterrupt) refers to vl53l1x_api.o(.text.VL53L1X_ClearInterrupt) for VL53L1X_ClearInterrupt
    hal_vl53.o(.text.HAL_VL53_ClearInterrupt) refers to hal_vl53.o(.text.VL53_Status) for VL53_Status
    hal_vl53.o(.ARM.exidx.text.HAL_VL53_ClearInterrupt) refers to hal_vl53.o(.text.HAL_VL53_ClearInterrupt) for [Anonymous Symbol]
    drv_gpio.o(.text.DRV_GPIO_Init) refers to drv_gpio.o(.text.GPIO_GetPort) for GPIO_GetPort
    drv_gpio.o(.text.DRV_GPIO_Init) refers to drv_gpio.o(.text.GPIO_EnableClock) for GPIO_EnableClock
    drv_gpio.o(.ARM.exidx.text.DRV_GPIO_Init) refers to drv_gpio.o(.text.DRV_GPIO_Init) for [Anonymous Symbol]
    drv_gpio.o(.ARM.exidx.text.GPIO_GetPort) refers to drv_gpio.o(.text.GPIO_GetPort) for [Anonymous Symbol]
    drv_gpio.o(.ARM.exidx.text.GPIO_EnableClock) refers to drv_gpio.o(.text.GPIO_EnableClock) for [Anonymous Symbol]
    drv_gpio.o(.text.DRV_GPIO_WritePin) refers to drv_gpio.o(.text.GPIO_GetPort) for GPIO_GetPort
    drv_gpio.o(.ARM.exidx.text.DRV_GPIO_WritePin) refers to drv_gpio.o(.text.DRV_GPIO_WritePin) for [Anonymous Symbol]
    drv_gpio.o(.text.DRV_GPIO_ReadPin) refers to drv_gpio.o(.text.GPIO_GetPort) for GPIO_GetPort
    drv_gpio.o(.ARM.exidx.text.DRV_GPIO_ReadPin) refers to drv_gpio.o(.text.DRV_GPIO_ReadPin) for [Anonymous Symbol]
    drv_gpio.o(.text.DRV_GPIO_TogglePin) refers to drv_gpio.o(.text.GPIO_GetPort) for GPIO_GetPort
[...]
    vl53l1x_api.o(.ARM.exidx.text.VL53L1X_GetInterruptPolarity) refers to vl53l1x_api.o(.text.VL53L1X_GetInterruptPolarity) for [Anonymous Symbol]
    vl53l1x_api.o(.text.VL53L1X_SetTimingBudgetInMs) refers to vl53l1x_api.o(.text.VL53L1X_GetDistanceMode) for VL53L1X_GetDistanceMode
    vl53l1x_api.o(.text.VL53L1X_SetTimingBudgetInMs) refers to vl53l1_platform.o(.text.VL53L1_WrWord) for VL53L1_WrWord
    vl53l1x_api.o(.ARM.exidx.text.VL53L1X_SetTimingBudgetInMs) refers to vl53l1x_api.o(.text.VL53L1X_SetTimingBudgetInMs) for [Anonymous Symbol]
    vl53l1x_api.o(.text.VL53L1X_GetDistanceMode) refers to vl53l1_platform.o(.text.VL53L1_RdByte) for VL53L1_RdByte
    vl53l1x_api.o(.ARM.exidx.text.VL53L1X_GetDistanceMode) refers to vl53l1x_api.o(.text.VL53L1X_GetDistanceMode) for [Anonymous Symbol]
    vl53l1x_api.o(.text.VL53L1X_GetTimingBudgetInMs) refers to vl53l1_platform.o(.text.VL53L1_RdWord) for VL53L1_RdWord
    vl53l1x_api.o(.ARM.exidx.text.VL53L1X_GetTimingBudgetInMs) refers to vl53l1x_api.o(.text.VL53L1X_GetTimingBudgetInMs) for [Anonymous Symbol]
    vl53l1x_api.o(.text.VL53L1X_SetDistanceMode) refers to vl53l1x_api.o(.text.VL53L1X_GetTimingBudgetInMs) for VL53L1X_GetTimingBudgetInMs
    vl53l1x_api.o(.text.VL53L1X_SetDistanceMode) refers to vl53l1_platform.o(.text.VL53L1_WrByte) for VL53L1_WrByte
    vl53l1x_api.o(.text.VL53L1X_SetDistanceMode) refers to vl53l1_platform.o(.text.VL53L1_WrWord) for VL53L1_WrWord
    vl53l1x_api.o(.text.VL53L1X_SetDistanceMode) refers to vl53l1x_api.o(.text.VL53L1X_SetTimingBudgetInMs) for VL53L1X_SetTimingBudgetInMs
    vl53l1x_api.o(.ARM.exidx.text.VL53L1X_SetDistanceMode) refers to vl53l1x_api.o(.text.VL53L1X_SetDistanceMode) for [Anonymous Symbol]
    vl53l1x_api.o(.text.VL53L1X_SetInterMeasurementInMs) refers to vl53l1_platform.o(.text.VL53L1_RdWord) for VL53L1_RdWord
    vl53l1x_api.o(.text.VL53L1X_SetInterMeasurementInMs) refers to dflt_clz.o(x$fpl$dfltu) for __aeabi_ui2d
    vl53l1x_api.o(.text.VL53L1X_SetInterMeasurementInMs) refers to dmul.o(x$fpl$dmul) for __aeabi_dmul
    vl53l1x_api.o(.text.VL53L1X_SetInterMeasurementInMs) refers to dfixu.o(x$fpl$dfixu) for __aeabi_d2uiz
    vl53l1x_api.o(.text.VL53L1X_SetInterMeasurementInMs) refers to vl53l1_platform.o(.text.VL53L1_WrDWord) for VL53L1_WrDWord
    vl53l1x_api.o(.ARM.exidx.text.VL53L1X_SetInterMeasurementInMs) refers to vl53l1x_api.o(.text.VL53L1X_SetInterMeasurementInMs) for [Anonymous Symbol]
    vl53l1x_api.o(.text.VL53L1X_GetInterMeasurementInMs) refers to vl53l1_platform.o(.text.VL53L1_RdDWord) for VL53L1_RdDWord
    vl53l1x_api.o(.text.VL53L1X_GetInterMeasurementInMs) refers to vl53l1_platform.o(.text.VL53L1_RdWord) for VL53L1_RdWord
    vl53l1x_api.o(.text.VL53L1X_GetInterMeasurementInMs) refers to dflt_clz.o(x$fpl$dflt) for __aeabi_i2d
    vl53l1x_api.o(.text.VL53L1X_GetInterMeasurementInMs) refers to dmul.o(x$fpl$dmul) for __aeabi_dmul
    vl53l1x_api.o(.text.VL53L1X_GetInterMeasurementInMs) refers to ddiv.o(x$fpl$ddiv) for __aeabi_ddiv
    vl53l1x_api.o(.text.VL53L1X_GetInterMeasurementInMs) refers to dfix.o(x$fpl$dfix) for __aeabi_d2iz
    vl53l1x_api.o(.ARM.exidx.text.VL53L1X_GetInterMeasurementInMs) refers to vl53l1x_api.o(.text.VL53L1X_GetInterMeasurementInMs) for [Anonymous Symbol]
    vl53l1x_api.o(.text.VL53L1X_BootState) refers to vl53l1_platform.o(.text.VL53L1_RdByte) for VL53L1_RdByte
    vl53l1x_api.o(.ARM.exidx.text.VL53L1X_BootState) refers to vl53l1x_api.o(.text.VL53L1X_BootState) for [Anonymous Symbol]
    vl53l1x_api.o(.text.VL53L1X_GetSensorId) refers to vl53l1_platform.o(.text.VL53L1_RdWord) for VL53L1_RdWord
    vl53l1x_api.o(.ARM.exidx.text.VL53L1X_GetSensorId) refers to vl53l1x_api.o(.text.VL53L1X_GetSensorId) for [Anonymous Symbol]
    vl53l1x_api.o(.text.VL53L1X_GetDistance) refers to vl53l1_platform.o(.text.VL53L1_RdWord) for VL53L1_RdWord
    vl53l1x_api.o(.ARM.exidx.text.VL53L1X_GetDistance) refers to vl53l1x_api.o(.text.VL53L1X_GetDistance) for [Anonymous Symbol]
    vl53l1x_api.o(.text.VL53L1X_GetSignalPerSpad) refers to vl53l1_platform.o(.text.VL53L1_RdWord) for VL53L1_RdWord
    vl53l1x_api.o(.text.VL53L1X_GetSignalPerSpad) refers to dflt_clz.o(x$fpl$dflt) for __aeabi_i2d
    vl53l1x_api.o(.text.VL53L1X_GetSignalPerSpad) refers to dmul.o(x$fpl$dmul) for __aeabi_dmul
    vl53l1x_api.o(.text.VL53L1X_GetSignalPerSpad) refers to ddiv.o(x$fpl$ddiv) for __aeabi_ddiv
    vl53l1x_api.o(.text.VL53L1X_GetSignalPerSpad) refers to dfix.o(x$fpl$dfix) for __aeabi_d2iz
    vl53l1x_api.o(.ARM.exidx.text.VL53L1X_GetSignalPerSpad) refers to vl53l1x_api.o(.text.VL53L1X_GetSignalPerSpad) for [Anonymous Symbol]
    vl53l1x_api.o(.text.VL53L1X_GetAmbientPerSpad) refers to vl53l1_platform.o(.text.VL53L1_RdWord) for VL53L1_RdWord
    vl53l1x_api.o(.text.VL53L1X_GetAmbientPerSpad) refers to dflt_clz.o(x$fpl$dflt) for __aeabi_i2d
    vl53l1x_api.o(.text.VL53L1X_GetAmbientPerSpad) refers to dmul.o(x$fpl$dmul) for __aeabi_dmul
    vl53l1x_api.o(.text.VL53L1X_GetAmbientPerSpad) refers to ddiv.o(x$fpl$ddiv) for __aeabi_ddiv
    vl53l1x_api.o(.text.VL53L1X_GetAmbientPerSpad) refers to dfix.o(x$fpl$dfix) for __aeabi_d2iz
    vl53l1x_api.o(.ARM.exidx.text.VL53L1X_GetAmbientPerSpad) refers to vl53l1x_api.o(.text.VL53L1X_GetAmbientPerSpad) for [Anonymous Symbol]
    vl53l1x_api.o(.text.VL53L1X_GetSignalRate) refers to vl53l1_platform.o(.text.VL53L1_RdWord) for VL53L1_RdWord
    vl53l1x_api.o(.ARM.exidx.text.VL53L1X_GetSignalRate) refers to vl53l1x_api.o(.text.VL53L1X_GetSignalRate) for [Anonymous Symbol]
    vl53l1x_api.o(.text.VL53L1X_GetSpadNb) refers to vl53l1_platform.o(.text.VL53L1_RdWord) for VL53L1_RdWord
    vl53l1x_api.o(.ARM.exidx.text.VL53L1X_GetSpadNb) refers to vl53l1x_api.o(.text.VL53L1X_GetSpadNb) for [Anonymous Symbol]
    vl53l1x_api.o(.text.VL53L1X_GetAmbientRate) refers to vl53l1_platform.o(.text.VL53L1_RdWord) for VL53L1_RdWord
    vl53l1x_api.o(.ARM.exidx.text.VL53L1X_GetAmbientRate) refers to vl53l1x_api.o(.text.VL53L1X_GetAmbientRate) for [Anonymous Symbol]
    vl53l1x_api.o(.text.VL53L1X_GetRangeStatus) refers to vl53l1_platform.o(.text.VL53L1_RdByte) for VL53L1_RdByte
    vl53l1x_api.o(.text.VL53L1X_GetRangeStatus) refers to vl53l1x_api.o(.rodata.status_rtn) for status_rtn
    vl53l1x_api.o(.ARM.exidx.text.VL53L1X_GetRangeStatus) refers to vl53l1x_api.o(.text.VL53L1X_GetRangeStatus) for [Anonymous Symbol]
    vl53l1x_api.o(.text.VL53L1X_GetResult) refers to vl53l1_platform.o(.text.VL53L1_ReadMulti) for VL53L1_ReadMulti
    vl53l1x_api.o(.text.VL53L1X_GetResult) refers to vl53l1x_api.o(.rodata.status_rtn) for status_rtn
    vl53l1x_api.o(.ARM.exidx.text.VL53L1X_GetResult) refers to vl53l1x_api.o(.text.VL53L1X_GetResult) for [Anonymous Symbol]
    vl53l1x_api.o(.text.VL53L1X_SetOffset) refers to vl53l1_platform.o(.text.VL53L1_WrWord) for VL53L1_WrWord
    vl53l1x_api.o(.ARM.exidx.text.VL53L1X_SetOffset) refers to vl53l1x_api.o(.text.VL53L1X_SetOffset) for [Anonymous Symbol]
    vl53l1x_api.o(.text.VL53L1X_GetOffset) refers to vl53l1_platform.o(.text.VL53L1_RdWord) for VL53L1_RdWord
    vl53l1x_api.o(.ARM.exidx.text.VL53L1X_GetOffset) refers to vl53l1x_api.o(.text.VL53L1X_GetOffset) for [Anonymous Symbol]
    vl53l1x_api.o(.text.VL53L1X_SetXtalk) refers to vl53l1_platform.o(.text.VL53L1_WrWord) for VL53L1_WrWord
    vl53l1x_api.o(.ARM.exidx.text.VL53L1X_SetXtalk) refers to vl53l1x_api.o(.text.VL53L1X_SetXtalk) for [Anonymous Symbol]
    vl53l1x_api.o(.text.VL53L1X_GetXtalk) refers to vl53l1_platform.o(.text.VL53L1_RdWord) for VL53L1_RdWord
    vl53l1x_api.o(.ARM.exidx.text.VL53L1X_GetXtalk) refers to vl53l1x_api.o(.text.VL53L1X_GetXtalk) for [Anonymous Symbol]
    vl53l1x_api.o(.text.VL53L1X_SetDistanceThreshold) refers to vl53l1_platform.o(.text.VL53L1_RdByte) for VL53L1_RdByte
    vl53l1x_api.o(.text.VL53L1X_SetDistanceThreshold) refers to vl53l1_platform.o(.text.VL53L1_WrByte) for VL53L1_WrByte
    vl53l1x_api.o(.text.VL53L1X_SetDistanceThreshold) refers to vl53l1_platform.o(.text.VL53L1_WrWord) for VL53L1_WrWord
    vl53l1x_api.o(.ARM.exidx.text.VL53L1X_SetDistanceThreshold) refers to vl53l1x_api.o(.text.VL53L1X_SetDistanceThreshold) for [Anonymous Symbol]
    vl53l1x_api.o(.text.VL53L1X_GetDistanceThresholdWindow) refers to vl53l1_platform.o(.text.VL53L1_RdByte) for VL53L1_RdByte
    vl53l1x_api.o(.ARM.exidx.text.VL53L1X_GetDistanceThresholdWindow) refers to vl53l1x_api.o(.text.VL53L1X_GetDistanceThresholdWindow) for [Anonymous Symbol]
    vl53l1x_api.o(.text.VL53L1X_GetDistanceThresholdLow) refers to vl53l1_platform.o(.text.VL53L1_RdWord) for VL53L1_RdWord
    vl53l1x_api.o(.ARM.exidx.text.VL53L1X_GetDistanceThresholdLow) refers to vl53l1x_api.o(.text.VL53L1X_GetDistanceThresholdLow) for [Anonymous Symbol]
    vl53l1x_api.o(.text.VL53L1X_GetDistanceThresholdHigh) refers to vl53l1_platform.o(.text.VL53L1_RdWord) for VL53L1_RdWord
    vl53l1x_api.o(.ARM.exidx.text.VL53L1X_GetDistanceThresholdHigh) refers to vl53l1x_api.o(.text.VL53L1X_GetDistanceThresholdHigh) for [Anonymous Symbol]
    vl53l1x_api.o(.text.VL53L1X_SetROICenter) refers to vl53l1_platform.o(.text.VL53L1_WrByte) for VL53L1_WrByte
    vl53l1x_api.o(.ARM.exidx.text.VL53L1X_SetROICenter) refers to vl53l1x_api.o(.text.VL53L1X_SetROICenter) for [Anonymous Symbol]
    vl53l1x_api.o(.text.VL53L1X_GetROICenter) refers to vl53l1_platform.o(.text.VL53L1_RdByte) for VL53L1_RdByte
    vl53l1x_api.o(.ARM.exidx.text.VL53L1X_GetROICenter) refers to vl53l1x_api.o(.text.VL53L1X_GetROICenter) for [Anonymous Symbol]
    vl53l1x_api.o(.text.VL53L1X_SetROI) refers to vl53l1_platform.o(.text.VL53L1_RdByte) for VL53L1_RdByte
    vl53l1x_api.o(.text.VL53L1X_SetROI) refers to vl53l1_platform.o(.text.VL53L1_WrByte) for VL53L1_WrByte
    vl53l1x_api.o(.ARM.exidx.text.VL53L1X_SetROI) refers to vl53l1x_api.o(.text.VL53L1X_SetROI) for [Anonymous Symbol]
    vl53l1x_api.o(.text.VL53L1X_GetROI_XY) refers to vl53l1_platform.o(.text.VL53L1_RdByte) for VL53L1_RdByte
    vl53l1x_api.o(.ARM.exidx.text.VL53L1X_GetROI_XY) refers to vl53l1x_api.o(.text.VL53L1X_GetROI_XY) for [Anonymous Symbol]
    vl53l1x_api.o(.text.VL53L1X_SetSignalThreshold) refers to vl53l1_platform.o(.text.VL53L1_WrWord) for VL53L1_WrWord
    vl53l1x_api.o(.ARM.exidx.text.VL53L1X_SetSignalThreshold) refers to vl53l1x_api.o(.text.VL53L1X_SetSignalThreshold) for [Anonymous Symbol]
    vl53l1x_api.o(.text.VL53L1X_GetSignalThreshold) refers to vl53l1_platform.o(.text.VL53L1_RdWord) for VL53L1_RdWord
    vl53l1x_api.o(.ARM.exidx.text.VL53L1X_GetSignalThreshold) refers to vl53l1x_api.o(.text.VL53L1X_GetSignalThreshold) for [Anonymous Symbol]
    vl53l1x_api.o(.text.VL53L1X_SetSigmaThreshold) refers to vl53l1_platform.o(.text.VL53L1_WrWord) for VL53L1_WrWord
    vl53l1x_api.o(.ARM.exidx.text.VL53L1X_SetSigmaThreshold) refers to vl53l1x_api.o(.text.VL53L1X_SetSigmaThreshold) for [Anonymous Symbol]
    vl53l1x_api.o(.text.VL53L1X_GetSigmaThreshold) refers to vl53l1_platform.o(.text.VL53L1_RdWord) for VL53L1_RdWord
    vl53l1x_api.o(.ARM.exidx.text.VL53L1X_GetSigmaThreshold) refers to vl53l1x_api.o(.text.VL53L1X_GetSigmaThreshold) for [Anonymous Symbol]
    vl53l1x_api.o(.text.VL53L1X_StartTemperatureUpdate) refers to vl53l1_platform.o(.text.VL53L1_WrByte) for VL53L1_WrByte
    vl53l1x_api.o(.text.VL53L1X_StartTemperatureUpdate) refers to vl53l1x_api.o(.text.VL53L1X_StartRanging) for VL53L1X_StartRanging
    vl53l1x_api.o(.text.VL53L1X_StartTemperatureUpdate) refers to vl53l1x_api.o(.text.VL53L1X_CheckForDataReady) for VL53L1X_CheckForDataReady
    vl53l1x_api.o(.text.VL53L1X_StartTemperatureUpdate) refers to vl53l1_platform.o(.text.VL53L1_WaitMs) for VL53L1_WaitMs
    vl53l1x_api.o(.text.VL53L1X_StartTemperatureUpdate) refers to vl53l1x_api.o(.text.VL53L1X_ClearInterrupt) for VL53L1X_ClearInterrupt
    vl53l1x_api.o(.text.VL53L1X_StartTemperatureUpdate) refers to vl53l1x_api.o(.text.VL53L1X_StopRanging) for VL53L1X_StopRanging
    vl53l1x_api.o(.ARM.exidx.text.VL53L1X_StartTemperatureUpdate) refers to vl53l1x_api.o(.text.VL53L1X_StartTemperatureUpdate) for [Anonymous Symbol]
    vl53l1x_calibration.o(.text.VL53L1X_CalibrateOffset) refers to vl53l1_platform.o(.text.VL53L1_WrWord) for VL53L1_WrWord
    vl53l1x_calibration.o(.text.VL53L1X_CalibrateOffset) refers to vl53l1x_api.o(.text.VL53L1X_StartRanging) for VL53L1X_StartRanging
    vl53l1x_calibration.o(.text.VL53L1X_CalibrateOffset) refers to vl53l1x_api.o(.text.VL53L1X_CheckForDataReady) for VL53L1X_CheckForDataReady
    vl53l1x_calibration.o(.text.VL53L1X_CalibrateOffset) refers to vl53l1_platform.o(.text.VL53L1_WaitMs) for VL53L1_WaitMs
    vl53l1x_calibration.o(.text.VL53L1X_CalibrateOffset) refers to vl53l1x_api.o(.text.VL53L1X_GetDistance) for VL53L1X_GetDistance
    vl53l1x_calibration.o(.text.VL53L1X_CalibrateOffset) refers to vl53l1x_api.o(.text.VL53L1X_ClearInterrupt) for VL53L1X_ClearInterrupt
    vl53l1x_calibration.o(.text.VL53L1X_CalibrateOffset) refers to vl53l1x_api.o(.text.VL53L1X_StopRanging) for VL53L1X_StopRanging
    vl53l1x_calibration.o(.ARM.exidx.text.VL53L1X_CalibrateOffset) refers to vl53l1x_calibration.o(.text.VL53L1X_CalibrateOffset) for [Anonymous Symbol]
    vl53l1x_calibration.o(.text.VL53L1X_CalibrateXtalk) refers to vl53l1_platform.o(.text.VL53L1_WrWord) for VL53L1_WrWord
    vl53l1x_calibration.o(.text.VL53L1X_CalibrateXtalk) refers to vl53l1x_api.o(.text.VL53L1X_StartRanging) for VL53L1X_StartRanging
    vl53l1x_calibration.o(.text.VL53L1X_CalibrateXtalk) refers to vl53l1x_api.o(.text.VL53L1X_CheckForDataReady) for VL53L1X_CheckForDataReady
    vl53l1x_calibration.o(.text.VL53L1X_CalibrateXtalk) refers to vl53l1_platform.o(.text.VL53L1_WaitMs) for VL53L1_WaitMs
    vl53l1x_calibration.o(.text.VL53L1X_CalibrateXtalk) refers to vl53l1x_api.o(.text.VL53L1X_GetSignalRate) for VL53L1X_GetSignalRate
    vl53l1x_calibration.o(.text.VL53L1X_CalibrateXtalk) refers to vl53l1x_api.o(.text.VL53L1X_GetDistance) for VL53L1X_GetDistance
    vl53l1x_calibration.o(.text.VL53L1X_CalibrateXtalk) refers to vl53l1x_api.o(.text.VL53L1X_ClearInterrupt) for VL53L1X_ClearInterrupt
    vl53l1x_calibration.o(.text.VL53L1X_CalibrateXtalk) refers to fflt_clz.o(x$fpl$fflt) for __aeabi_i2f
    vl53l1x_calibration.o(.text.VL53L1X_CalibrateXtalk) refers to faddsub_clz.o(x$fpl$fadd) for __aeabi_fadd
    vl53l1x_calibration.o(.text.VL53L1X_CalibrateXtalk) refers to vl53l1x_api.o(.text.VL53L1X_GetSpadNb) for VL53L1X_GetSpadNb
    vl53l1x_calibration.o(.text.VL53L1X_CalibrateXtalk) refers to vl53l1x_api.o(.text.VL53L1X_StopRanging) for VL53L1X_StopRanging
    vl53l1x_calibration.o(.text.VL53L1X_CalibrateXtalk) refers to fdiv.o(x$fpl$fdiv) for __aeabi_fdiv
    vl53l1x_calibration.o(.text.VL53L1X_CalibrateXtalk) refers to faddsub_clz.o(x$fpl$fsub) for __aeabi_fsub
    vl53l1x_calibration.o(.text.VL53L1X_CalibrateXtalk) refers to fmul.o(x$fpl$fmul) for __aeabi_fmul
    vl53l1x_calibration.o(.text.VL53L1X_CalibrateXtalk) refers to ffix.o(x$fpl$ffix) for __aeabi_f2iz
    vl53l1x_calibration.o(.ARM.exidx.text.VL53L1X_CalibrateXtalk) refers to vl53l1x_calibration.o(.text.VL53L1X_CalibrateXtalk) for [Anonymous Symbol]
    startup_stm32f10x_md.o(STACK) refers (Special) to heapauxi.o(.text) for __use_two_region_memory
    startup_stm32f10x_md.o(HEAP) refers (Special) to heapauxi.o(.text) for __use_two_region_memory
    startup_stm32f10x_md.o(RESET) refers (Special) to heapauxi.o(.text) for __use_two_region_memory
    startup_stm32f10x_md.o(RESET) refers to startup_stm32f10x_md.o(STACK) for __initial_sp
    startup_stm32f10x_md.o(RESET) refers to startup_stm32f10x_md.o(.text) for Reset_Handler
    startup_stm32f10x_md.o(RESET) refers to drv_timer.o(.text.TIM2_IRQHandler) for TIM2_IRQHandler
    startup_stm32f10x_md.o(.text) refers (Special) to heapauxi.o(.text) for __use_two_region_memory
    startup_stm32f10x_md.o(.text) refers to system_stm32f10x.o(.text.SystemInit) for SystemInit
    startup_stm32f10x_md.o(.text) refers to __main.o(!!!main) for __main
    startup_stm32f10x_md.o(.text) refers to startup_stm32f10x_md.o(HEAP) for Heap_Mem
    startup_stm32f10x_md.o(.text) refers to startup_stm32f10x_md.o(STACK) for Stack_Mem
    system_stm32f10x.o(.text.SystemInit) refers to system_stm32f10x.o(.text.SetSysClock) for SetSysClock
    system_stm32f10x.o(.ARM.exidx.text.SystemInit) refers to system_stm32f10x.o(.text.SystemInit) for [Anonymous Symbol]
    system_stm32f10x.o(.text.SetSysClock) refers to system_stm32f10x.o(.text.SetSysClockTo72) for SetSysClockTo72
    system_stm32f10x.o(.ARM.exidx.text.SetSysClock) refers to system_stm32f10x.o(.text.SetSysClock) for [Anonymous Symbol]
    system_stm32f10x.o(.text.SystemCoreClockUpdate) refers to system_stm32f10x.o(.data.SystemCoreClock) for SystemCoreClock
    system_stm32f10x.o(.text.SystemCoreClockUpdate) refers to system_stm32f10x.o(.rodata.AHBPrescTable) for AHBPrescTable
    system_stm32f10x.o(.ARM.exidx.text.SystemCoreClockUpdate) refers to system_stm32f10x.o(.text.SystemCoreClockUpdate) for [Anonymous Symbol]
    system_stm32f10x.o(.ARM.exidx.text.SetSysClockTo72) refers to system_stm32f10x.o(.text.SetSysClockTo72) for [Anonymous Symbol]
    __main.o(!!!main) refers to __rtentry.o(.ARM.Collect$$rtentry$$00000000) for __rt_entry
    ddiv.o(x$fpl$drdiv) refers (Special) to usenofp.o(x$fpl$usenofp) for __I$use$fp
    ddiv.o(x$fpl$drdiv) refers to ddiv.o(x$fpl$ddiv) for ddiv_entry
    ddiv.o(x$fpl$ddiv) refers (Special) to usenofp.o(x$fpl$usenofp) for __I$use$fp
    ddiv.o(x$fpl$ddiv) refers to dretinf.o(x$fpl$dretinf) for __fpl_dretinf
    ddiv.o(x$fpl$ddiv) refers to dnaninf.o(x$fpl$dnaninf) for __fpl_dnaninf
    dfix.o(x$fpl$dfix) refers (Special) to usenofp.o(x$fpl$usenofp) for __I$use$fp
    dfix.o(x$fpl$dfix) refers to dnaninf.o(x$fpl$dnaninf) for __fpl_dnaninf
    dfix.o(x$fpl$dfixr) refers (Special) to usenofp.o(x$fpl$usenofp) for __I$use$fp
    dfix.o(x$fpl$dfixr) refers to dnaninf.o(x$fpl$dnaninf) for __fpl_dnaninf
    dfixu.o(x$fpl$dfixu) refers (Special) to usenofp.o(x$fpl$usenofp) for __I$use$fp
    dfixu.o(x$fpl$dfixu) refers to dnaninf.o(x$fpl$dnaninf) for __fpl_dnaninf
    dfixu.o(x$fpl$dfixur) refers (Special) to usenofp.o(x$fpl$usenofp) for __I$use$fp
    dfixu.o(x$fpl$dfixur) refers to dnaninf.o(x$fpl$dnaninf) for __fpl_dnaninf
    dflt_clz.o(x$fpl$dfltu) refers (Special) to usenofp.o(x$fpl$usenofp) for __I$use$fp
    dflt_clz.o(x$fpl$dflt) refers (Special) to usenofp.o(x$fpl$usenofp) for __I$use$fp
    dflt_clz.o(x$fpl$dfltn) refers (Special) to usenofp.o(x$fpl$usenofp) for __I$use$fp
    dmul.o(x$fpl$dmul) refers (Special) to usenofp.o(x$fpl$usenofp) for __I$use$fp
    dmul.o(x$fpl$dmul) refers to dretinf.o(x$fpl$dretinf) for __fpl_dretinf
    dmul.o(x$fpl$dmul) refers to dnaninf.o(x$fpl$dnaninf) for __fpl_dnaninf
    faddsub_clz.o(x$fpl$fadd) refers (Special) to usenofp.o(x$fpl$usenofp) for __I$use$fp
    faddsub_clz.o(x$fpl$fadd) refers to faddsub_clz.o(x$fpl$fsub) for _fsub1
    faddsub_clz.o(x$fpl$fadd) refers to fretinf.o(x$fpl$fretinf) for __fpl_fretinf
    faddsub_clz.o(x$fpl$fadd) refers to fnaninf.o(x$fpl$fnaninf) for __fpl_fnaninf
    faddsub_clz.o(x$fpl$frsb) refers (Special) to usenofp.o(x$fpl$usenofp) for __I$use$fp
    faddsub_clz.o(x$fpl$frsb) refers to faddsub_clz.o(x$fpl$fadd) for _fadd1
    faddsub_clz.o(x$fpl$frsb) refers to faddsub_clz.o(x$fpl$fsub) for _fsub1
    faddsub_clz.o(x$fpl$fsub) refers (Special) to usenofp.o(x$fpl$usenofp) for __I$use$fp
    faddsub_clz.o(x$fpl$fsub) refers to faddsub_clz.o(x$fpl$fadd) for _fadd1
    faddsub_clz.o(x$fpl$fsub) refers to fnaninf.o(x$fpl$fnaninf) for __fpl_fnaninf
    fdiv.o(x$fpl$frdiv) refers (Special) to usenofp.o(x$fpl$usenofp) for __I$use$fp
    fdiv.o(x$fpl$frdiv) refers to fdiv.o(x$fpl$fdiv) for _fdiv1
    fdiv.o(x$fpl$fdiv) refers (Special) to usenofp.o(x$fpl$usenofp) for __I$use$fp
    fdiv.o(x$fpl$fdiv) refers to fretinf.o(x$fpl$fretinf) for __fpl_fretinf
    fdiv.o(x$fpl$fdiv) refers to fnaninf.o(x$fpl$fnaninf) for __fpl_fnaninf
    ffix.o(x$fpl$ffix) refers (Special) to usenofp.o(x$fpl$usenofp) for __I$use$fp
    ffix.o(x$fpl$ffix) refers to fnaninf.o(x$fpl$fnaninf) for __fpl_fnaninf
    ffix.o(x$fpl$ffixr) refers (Special) to usenofp.o(x$fpl$usenofp) for __I$use$fp
    ffix.o(x$fpl$ffixr) refers to fnaninf.o(x$fpl$fnaninf) for __fpl_fnaninf
    fflt_clz.o(x$fpl$ffltu) refers (Special) to usenofp.o(x$fpl$usenofp) for __I$use$fp
    fflt_clz.o(x$fpl$fflt) refers (Special) to usenofp.o(x$fpl$usenofp) for __I$use$fp
    fflt_clz.o(x$fpl$ffltn) refers (Special) to usenofp.o(x$fpl$usenofp) for __I$use$fp
    fmul.o(x$fpl$fmul) refers (Special) to usenofp.o(x$fpl$usenofp) for __I$use$fp
    fmul.o(x$fpl$fmul) refers to fretinf.o(x$fpl$fretinf) for __fpl_fretinf
    fmul.o(x$fpl$fmul) refers to fnaninf.o(x$fpl$fnaninf) for __fpl_fnaninf
    __rtentry.o(.ARM.Collect$$rtentry$$00000000) refers (Special) to __rtentry2.o(.ARM.Collect$$rtentry$$0000000A) for __rt_entry_li
    __rtentry.o(.ARM.Collect$$rtentry$$00000000) refers (Special) to __rtentry2.o(.ARM.Collect$$rtentry$$0000000D) for __rt_entry_main
    __rtentry.o(.ARM.Collect$$rtentry$$00000000) refers (Special) to __rtentry2.o(.ARM.Collect$$rtentry$$0000000C) for __rt_entry_postli_1
    __rtentry.o(.ARM.Collect$$rtentry$$00000000) refers (Special) to __rtentry2.o(.ARM.Collect$$rtentry$$00000009) for __rt_entry_postsh_1
    __rtentry.o(.ARM.Collect$$rtentry$$00000000) refers (Special) to __rtentry2.o(.ARM.Collect$$rtentry$$00000002) for __rt_entry_presh_1
    __rtentry.o(.ARM.Collect$$rtentry$$00000000) refers (Special) to __rtentry4.o(.ARM.Collect$$rtentry$$00000004) for __rt_entry_sh
    dnaninf.o(x$fpl$dnaninf) refers (Special) to usenofp.o(x$fpl$usenofp) for __I$use$fp
    dretinf.o(x$fpl$dretinf) refers (Special) to usenofp.o(x$fpl$usenofp) for __I$use$fp
    fnaninf.o(x$fpl$fnaninf) refers (Special) to usenofp.o(x$fpl$usenofp) for __I$use$fp
    fretinf.o(x$fpl$fretinf) refers (Special) to usenofp.o(x$fpl$usenofp) for __I$use$fp
    __rtentry2.o(.ARM.Collect$$rtentry$$00000008) refers to boardinit2.o(.text) for _platform_post_stackheap_init
    __rtentry2.o(.ARM.Collect$$rtentry$$0000000A) refers to libinit.o(.ARM.Collect$$libinit$$00000000) for __rt_lib_init
    __rtentry2.o(.ARM.Collect$$rtentry$$0000000B) refers to boardinit3.o(.text) for _platform_post_lib_init
    __rtentry2.o(.ARM.Collect$$rtentry$$0000000D) refers to app_main.o(.text.main) for main
    __rtentry2.o(.ARM.Collect$$rtentry$$0000000D) refers to exit.o(.text) for exit
    __rtentry2.o(.ARM.exidx) refers to __rtentry2.o(.ARM.Collect$$rtentry$$00000001) for .ARM.Collect$$rtentry$$00000001
    __rtentry2.o(.ARM.exidx) refers to __rtentry2.o(.ARM.Collect$$rtentry$$00000008) for .ARM.Collect$$rtentry$$00000008
    __rtentry2.o(.ARM.exidx) refers to __rtentry2.o(.ARM.Collect$$rtentry$$0000000A) for .ARM.Collect$$rtentry$$0000000A
    __rtentry2.o(.ARM.exidx) refers to __rtentry2.o(.ARM.Collect$$rtentry$$0000000B) for .ARM.Collect$$rtentry$$0000000B
    __rtentry2.o(.ARM.exidx) refers to __rtentry2.o(.ARM.Collect$$rtentry$$0000000D) for .ARM.Collect$$rtentry$$0000000D
    __rtentry4.o(.ARM.Collect$$rtentry$$00000004) refers to sys_stackheap_outer.o(.text) for __user_setup_stackheap
    __rtentry4.o(.ARM.exidx) refers to __rtentry4.o(.ARM.Collect$$rtentry$$00000004) for .ARM.Collect$$rtentry$$00000004
    sys_stackheap_outer.o(.text) refers to libspace.o(.text) for __user_perproc_libspace
    sys_stackheap_outer.o(.text) refers to startup_stm32f10x_md.o(.text) for __user_initial_stackheap
    exit.o(.text) refers to rtexit.o(.ARM.Collect$$rtexit$$00000000) for __rt_exit
    libinit.o(.ARM.Collect$$libinit$$00000000) refers (Special) to libinit2.o(.ARM.Collect$$libinit$$00000030) for __rt_lib_init_alloca_1
    libinit.o(.ARM.Collect$$libinit$$00000000) refers (Special) to libinit2.o(.ARM.Collect$$libinit$$0000002E) for __rt_lib_init_argv_1
    libinit.o(.ARM.Collect$$libinit$$00000000) refers (Special) to libinit2.o(.ARM.Collect$$libinit$$0000001D) for __rt_lib_init_atexit_1
    libinit.o(.ARM.Collect$$libinit$$00000000) refers (Special) to libinit2.o(.ARM.Collect$$libinit$$00000023) for __rt_lib_init_clock_1
    libinit.o(.ARM.Collect$$libinit$$00000000) refers (Special) to libinit2.o(.ARM.Collect$$libinit$$00000034) for __rt_lib_init_cpp_1
    libinit.o(.ARM.Collect$$libinit$$00000000) refers (Special) to libinit2.o(.ARM.Collect$$libinit$$00000032) for __rt_lib_init_exceptions_1
    libinit.o(.ARM.Collect$$libinit$$00000000) refers (Special) to libinit2.o(.ARM.Collect$$libinit$$00000002) for __rt_lib_init_fp_1
    libinit.o(.ARM.Collect$$libinit$$00000000) refers (Special) to libinit2.o(.ARM.Collect$$libinit$$00000021) for __rt_lib_init_fp_trap_1
    libinit.o(.ARM.Collect$$libinit$$00000000) refers (Special) to libinit2.o(.ARM.Collect$$libinit$$00000025) for __rt_lib_init_getenv_1
    libinit.o(.ARM.Collect$$libinit$$00000000) refers (Special) to libinit2.o(.ARM.Collect$$libinit$$0000000C) for __rt_lib_init_heap_1
    libinit.o(.ARM.Collect$$libinit$$00000000) refers (Special) to libinit2.o(.ARM.Collect$$libinit$$00000013) for __rt_lib_init_lc_collate_1
    libinit.o(.ARM.Collect$$libinit$$00000000) refers (Special) to libinit2.o(.ARM.Collect$$libinit$$00000015) for __rt_lib_init_lc_ctype_1
    libinit.o(.ARM.Collect$$libinit$$00000000) refers (Special) to libinit2.o(.ARM.Collect$$libinit$$00000017) for __rt_lib_init_lc_monetary_1
    libinit.o(.ARM.Collect$$libinit$$00000000) refers (Special) to libinit2.o(.ARM.Collect$$libinit$$00000019) for __rt_lib_init_lc_numeric_1
    libinit.o(.ARM.Collect$$libinit$$00000000) refers (Special) to libinit2.o(.ARM.Collect$$libinit$$0000001B) for __rt_lib_init_lc_time_1
    libinit.o(.ARM.Collect$$libinit$$00000000) refers (Special) to libinit2.o(.ARM.Collect$$libinit$$00000006) for __rt_lib_init_preinit_1
    libinit.o(.ARM.Collect$$libinit$$00000000) refers (Special) to libinit2.o(.ARM.Collect$$libinit$$00000010) for __rt_lib_init_rand_1
    libinit.o(.ARM.Collect$$libinit$$00000000) refers (Special) to libinit2.o(.ARM.Collect$$libinit$$00000004) for __rt_lib_init_relocate_pie_1
    libinit.o(.ARM.Collect$$libinit$$00000000) refers (Special) to libinit2.o(.ARM.Collect$$libinit$$00000035) for __rt_lib_init_return
    libinit.o(.ARM.Collect$$libinit$$00000000) refers (Special) to libinit2.o(.ARM.Collect$$libinit$$0000001F) for __rt_lib_init_signal_1
    libinit.o(.ARM.Collect$$libinit$$00000000) refers (Special) to libinit2.o(.ARM.Collect$$libinit$$00000027) for __rt_lib_init_stdio_1
    libinit.o(.ARM.Collect$$libinit$$00000000) refers (Special) to libinit2.o(.ARM.Collect$$libinit$$0000000E) for __rt_lib_init_user_alloc_1
    libspace.o(.text) refers to libspace.o(.bss) for __libspace_start
    rtexit.o(.ARM.Collect$$rtexit$$00000000) refers (Special) to rtexit2.o(.ARM.Collect$$rtexit$$00000004) for __rt_exit_exit
    rtexit.o(.ARM.Collect$$rtexit$$00000000) refers (Special) to rtexit2.o(.ARM.Collect$$rtexit$$00000003) for __rt_exit_ls
    rtexit.o(.ARM.Collect$$rtexit$$00000000) refers (Special) to rtexit2.o(.ARM.Collect$$rtexit$$00000002) for __rt_exit_prels_1
    rtexit.o(.ARM.exidx) refers (Special) to rtexit2.o(.ARM.Collect$$rtexit$$00000004) for __rt_exit_exit
    rtexit.o(.ARM.exidx) refers (Special) to rtexit2.o(.ARM.Collect$$rtexit$$00000003) for __rt_exit_ls
    rtexit.o(.ARM.exidx) refers (Special) to rtexit2.o(.ARM.Collect$$rtexit$$00000002) for __rt_exit_prels_1
    rtexit.o(.ARM.exidx) refers to rtexit.o(.ARM.Collect$$rtexit$$00000000) for .ARM.Collect$$rtexit$$00000000
    libinit2.o(.ARM.Collect$$libinit$$00000012) refers to libinit2.o(.ARM.Collect$$libinit$$00000011) for .ARM.Collect$$libinit$$00000011
    libinit2.o(.ARM.Collect$$libinit$$00000014) refers to libinit2.o(.ARM.Collect$$libinit$$00000011) for .ARM.Collect$$libinit$$00000011
    libinit2.o(.ARM.Collect$$libinit$$00000016) refers to libinit2.o(.ARM.Collect$$libinit$$00000011) for .ARM.Collect$$libinit$$00000011
    libinit2.o(.ARM.Collect$$libinit$$00000018) refers to libinit2.o(.ARM.Collect$$libinit$$00000011) for .ARM.Collect$$libinit$$00000011
    libinit2.o(.ARM.Collect$$libinit$$0000001A) refers to libinit2.o(.ARM.Collect$$libinit$$00000011) for .ARM.Collect$$libinit$$00000011
    libinit2.o(.ARM.Collect$$libinit$$00000028) refers to argv_veneer.o(.emb_text) for __ARM_argv_veneer
    libinit2.o(.ARM.Collect$$libinit$$00000029) refers to argv_veneer.o(.emb_text) for __ARM_argv_veneer
    rtexit2.o(.ARM.Collect$$rtexit$$00000003) refers to libshutdown.o(.ARM.Collect$$libshutdown$$00000000) for __rt_lib_shutdown
    rtexit2.o(.ARM.Collect$$rtexit$$00000004) refers to sys_exit.o(.text) for _sys_exit
    rtexit2.o(.ARM.exidx) refers to rtexit2.o(.ARM.Collect$$rtexit$$00000001) for .ARM.Collect$$rtexit$$00000001
    rtexit2.o(.ARM.exidx) refers to rtexit2.o(.ARM.Collect$$rtexit$$00000003) for .ARM.Collect$$rtexit$$00000003
    rtexit2.o(.ARM.exidx) refers to rtexit2.o(.ARM.Collect$$rtexit$$00000004) for .ARM.Collect$$rtexit$$00000004
    argv_veneer.o(.emb_text) refers to no_argv.o(.text) for __ARM_get_argv
    sys_exit.o(.text) refers (Special) to use_no_semi.o(.text) for __I$use$semihosting
    sys_exit.o(.text) refers (Special) to indicate_semi.o(.text) for __semihosting_library_function
    sys_exit_hlt.o(.text) refers (Special) to use_no_semi.o(.text) for __I$use$semihosting
    sys_exit_hlt.o(.text) refers (Special) to indicate_semi.o(.text) for __semihosting_library_function
    _get_argv_nomalloc.o(.text) refers (Special) to hrguard.o(.text) for __heap_region$guard
    _get_argv_nomalloc.o(.text) refers to defsig_rtmem_outer.o(.text) for __rt_SIGRTMEM
    _get_argv_nomalloc.o(.text) refers to sys_command.o(.text) for _sys_command_string
    libshutdown.o(.ARM.Collect$$libshutdown$$00000000) refers (Special) to libshutdown2.o(.ARM.Collect$$libshutdown$$00000002) for __rt_lib_shutdown_cpp_1
    libshutdown.o(.ARM.Collect$$libshutdown$$00000000) refers (Special) to libshutdown2.o(.ARM.Collect$$libshutdown$$00000007) for __rt_lib_shutdown_fp_trap_1
    libshutdown.o(.ARM.Collect$$libshutdown$$00000000) refers (Special) to libshutdown2.o(.ARM.Collect$$libshutdown$$0000000F) for __rt_lib_shutdown_heap_1
    libshutdown.o(.ARM.Collect$$libshutdown$$00000000) refers (Special) to libshutdown2.o(.ARM.Collect$$libshutdown$$00000010) for __rt_lib_shutdown_return
    libshutdown.o(.ARM.Collect$$libshutdown$$00000000) refers (Special) to libshutdown2.o(.ARM.Collect$$libshutdown$$0000000A) for __rt_lib_shutdown_signal_1
    libshutdown.o(.ARM.Collect$$libshutdown$$00000000) refers (Special) to libshutdown2.o(.ARM.Collect$$libshutdown$$00000004) for __rt_lib_shutdown_stdio_1
    libshutdown.o(.ARM.Collect$$libshutdown$$00000000) refers (Special) to libshutdown2.o(.ARM.Collect$$libshutdown$$0000000C) for __rt_lib_shutdown_user_alloc_1
    sys_command.o(.text) refers (Special) to use_no_semi.o(.text) for __I$use$semihosting
    sys_command.o(.text) refers (Special) to indicate_semi.o(.text) for __semihosting_library_function
    sys_command_hlt.o(.text) refers (Special) to use_no_semi.o(.text) for __I$use$semihosting
    sys_command_hlt.o(.text) refers (Special) to indicate_semi.o(.text) for __semihosting_library_function
    defsig_rtmem_outer.o(.text) refers to defsig_rtmem_inner.o(.text) for __rt_SIGRTMEM_inner
    defsig_rtmem_outer.o(.text) refers to defsig_exit.o(.text) for __sig_exit
    defsig_rtmem_formal.o(.text) refers to rt_raise.o(.text) for __rt_raise
    rt_raise.o(.text) refers to __raise.o(.text) for __raise
    rt_raise.o(.text) refers to sys_exit.o(.text) for _sys_exit
    defsig_exit.o(.text) refers to sys_exit.o(.text) for _sys_exit
    defsig_rtmem_inner.o(.text) refers to defsig_general.o(.text) for __default_signal_display
    __raise.o(.text) refers to defsig.o(CL$$defsig) for __default_signal_handler
    defsig_general.o(.text) refers to sys_wrch.o(.text) for _ttywrch
    sys_wrch.o(.text) refers (Special) to use_no_semi.o(.text) for __I$use$semihosting
    sys_wrch.o(.text) refers (Special) to indicate_semi.o(.text) for __semihosting_library_function
    sys_wrch_hlt.o(.text) refers (Special) to use_no_semi.o(.text) for __I$use$semihosting
    sys_wrch_hlt.o(.text) refers (Special) to indicate_semi.o(.text) for __semihosting_library_function
    defsig.o(CL$$defsig) refers to defsig_rtmem_inner.o(.text) for __rt_SIGRTMEM_inner
    defsig_abrt_inner.o(.text) refers to defsig_general.o(.text) for __default_signal_display
    defsig_fpe_inner.o(.text) refers to defsig_general.o(.text) for __default_signal_display
    defsig_rtred_inner.o(.text) refers to defsig_general.o(.text) for __default_signal_display
    defsig_stak_inner.o(.text) refers to defsig_general.o(.text) for __default_signal_display
    defsig_pvfn_inner.o(.text) refers to defsig_general.o(.text) for __default_signal_display
    defsig_cppl_inner.o(.text) refers to defsig_general.o(.text) for __default_signal_display
    defsig_segv_inner.o(.text) refers to defsig_general.o(.text) for __default_signal_display
    defsig_other.o(.text) refers to defsig_general.o(.text) for __default_signal_display


==============================================================================

Removing Unused input sections from the image.

    Removing app_main.o(.text), (0 bytes).
    Removing app_main.o(.ARM.exidx.text.main), (8 bytes).
    Removing app_main.o(.ARM.use_no_argv), (4 bytes).
    Removing sensor_manager.o(.text), (0 bytes).
    Removing sensor_state_machine.o(.text), (0 bytes).
    Removing sensor_task.o(.text), (0 bytes).
    Removing hal_can.o(.text), (0 bytes).
    Removing hal_can.o(.text.HAL_CAN_Init), (18 bytes).
    Removing hal_can.o(.ARM.exidx.text.HAL_CAN_Init), (8 bytes).
    Removing hal_can.o(.text.HAL_CAN_Send), (42 bytes).
    Removing hal_can.o(.ARM.exidx.text.HAL_CAN_Send), (8 bytes).
    Removing hal_can.o(.text.HAL_CAN_Receive), (42 bytes).
    Removing hal_can.o(.ARM.exidx.text.HAL_CAN_Receive), (8 bytes).
    Removing hal_can.o(.text.HAL_CAN_SetFilter), (30 bytes).
    Removing hal_can.o(.ARM.exidx.text.HAL_CAN_SetFilter), (8 bytes).
    Removing hal_can.o(.text.HAL_CAN_Reset), (10 bytes).
    Removing hal_can.o(.ARM.exidx.text.HAL_CAN_Reset), (8 bytes).
    Removing hal_mpu.o(.text), (0 bytes).
    Removing hal_vl53.o(.text), (0 bytes).
    Removing hal_vl53.o(.text.HAL_VL53_Init), (114 bytes).
    Removing hal_vl53.o(.ARM.exidx.text.HAL_VL53_Init), (8 bytes).
    Removing hal_vl53.o(.text.VL53_Status), (38 bytes).
    Removing hal_vl53.o(.ARM.exidx.text.VL53_Status), (8 bytes).
    Removing hal_vl53.o(.text.HAL_VL53_Start), (14 bytes).
    Removing hal_vl53.o(.ARM.exidx.text.HAL_VL53_Start), (8 bytes).
    Removing hal_vl53.o(.text.HAL_VL53_Stop), (14 bytes).
    Removing hal_vl53.o(.ARM.exidx.text.HAL_VL53_Stop), (8 bytes).
    Removing hal_vl53.o(.text.HAL_VL53_IsDataReady), (22 bytes).
    Removing hal_vl53.o(.ARM.exidx.text.HAL_VL53_IsDataReady), (8 bytes).
    Removing hal_vl53.o(.text.HAL_VL53_ReadDistance), (22 bytes).
    Removing hal_vl53.o(.ARM.exidx.text.HAL_VL53_ReadDistance), (8 bytes).
    Removing hal_vl53.o(.text.HAL_VL53_ClearInterrupt), (14 bytes).
    Removing hal_vl53.o(.ARM.exidx.text.HAL_VL53_ClearInterrupt), (8 bytes).
    Removing drv_gpio.o(.text), (0 bytes).
    Removing drv_gpio.o(.text.DRV_GPIO_Init), (232 bytes).
    Removing drv_gpio.o(.ARM.exidx.text.DRV_GPIO_Init), (8 bytes).
    Removing drv_gpio.o(.text.GPIO_GetPort), (82 bytes).
    Removing drv_gpio.o(.ARM.exidx.text.GPIO_GetPort), (8 bytes).
    Removing drv_gpio.o(.text.GPIO_EnableClock), (94 bytes).
    Removing drv_gpio.o(.ARM.exidx.text.GPIO_EnableClock), (8 bytes).
    Removing drv_gpio.o(.text.DRV_GPIO_WritePin), (94 bytes).
    Removing drv_gpio.o(.ARM.exidx.text.DRV_GPIO_WritePin), (8 bytes).
    Removing drv_gpio.o(.text.DRV_GPIO_ReadPin), (64 bytes).
    Removing drv_gpio.o(.ARM.exidx.text.DRV_GPIO_ReadPin), (8 bytes).
    Removing drv_gpio.o(.text.DRV_GPIO_TogglePin), (70 bytes).
    Removing drv_gpio.o(.ARM.exidx.text.DRV_GPIO_TogglePin), (8 bytes).
    Removing drv_can.o(.text), (0 bytes).
    Removing drv_can.o(.text.DRV_CAN_Init), (294 bytes).
    Removing drv_can.o(.ARM.exidx.text.DRV_CAN_Init), (8 bytes).
    Removing drv_can.o(.text.CAN_GetInstance), (38 bytes).
    Removing drv_can.o(.ARM.exidx.text.CAN_GetInstance), (8 bytes).
    Removing drv_can.o(.text.CAN_EnableClock), (78 bytes).
    Removing drv_can.o(.ARM.exidx.text.CAN_EnableClock), (8 bytes).
    Removing drv_can.o(.text.CAN_GPIO_Init), (80 bytes).
    Removing drv_can.o(.ARM.exidx.text.CAN_GPIO_Init), (8 bytes).
    Removing drv_can.o(.text.CAN_EnterInitMode), (74 bytes).
    Removing drv_can.o(.ARM.exidx.text.CAN_EnterInitMode), (8 bytes).
    Removing drv_can.o(.text.CAN_ConfigureBitTiming), (206 bytes).
    Removing drv_can.o(.ARM.exidx.text.CAN_ConfigureBitTiming), (8 bytes).
    Removing drv_can.o(.text.CAN_LeaveInitMode), (74 bytes).
    Removing drv_can.o(.ARM.exidx.text.CAN_LeaveInitMode), (8 bytes).
    Removing drv_can.o(.text.DRV_CAN_Send), (894 bytes).
    Removing drv_can.o(.ARM.exidx.text.DRV_CAN_Send), (8 bytes).
    Removing drv_can.o(.text.DRV_CAN_Receive), (380 bytes).
    Removing drv_can.o(.ARM.exidx.text.DRV_CAN_Receive), (8 bytes).
    Removing drv_can.o(.text.DRV_CAN_SetFilter), (164 bytes).
    Removing drv_can.o(.ARM.exidx.text.DRV_CAN_SetFilter), (8 bytes).
    Removing drv_can.o(.text.DRV_CAN_Reset), (94 bytes).
    Removing drv_can.o(.ARM.exidx.text.DRV_CAN_Reset), (8 bytes).
    Removing drv_i2c.o(.text), (0 bytes).
    Removing drv_i2c.o(.text.DRV_I2C_Init), (256 bytes).
    Removing drv_i2c.o(.ARM.exidx.text.DRV_I2C_Init), (8 bytes).
    Removing drv_i2c.o(.text.I2C_GetInstance), (62 bytes).
    Removing drv_i2c.o(.ARM.exidx.text.I2C_GetInstance), (8 bytes).
    Removing drv_i2c.o(.text.I2C_EnableClock), (100 bytes).
    Removing drv_i2c.o(.ARM.exidx.text.I2C_EnableClock), (8 bytes).
    Removing drv_i2c.o(.text.I2C_GPIO_Init), (82 bytes).
    Removing drv_i2c.o(.ARM.exidx.text.I2C_GPIO_Init), (8 bytes).
    Removing drv_i2c.o(.text.DRV_I2C_Write), (316 bytes).
    Removing drv_i2c.o(.ARM.exidx.text.DRV_I2C_Write), (8 bytes).
    Removing drv_i2c.o(.text.I2C_WaitBusyClear), (66 bytes).
    Removing drv_i2c.o(.ARM.exidx.text.I2C_WaitBusyClear), (8 bytes).
    Removing drv_i2c.o(.text.I2C_Start), (28 bytes).
    Removing drv_i2c.o(.ARM.exidx.text.I2C_Start), (8 bytes).
    Removing drv_i2c.o(.text.I2C_Stop), (18 bytes).
    Removing drv_i2c.o(.ARM.exidx.text.I2C_Stop), (8 bytes).
    Removing drv_i2c.o(.text.I2C_SendAddress), (82 bytes).
    Removing drv_i2c.o(.ARM.exidx.text.I2C_SendAddress), (8 bytes).
    Removing drv_i2c.o(.text.I2C_WriteByte), (54 bytes).
    Removing drv_i2c.o(.ARM.exidx.text.I2C_WriteByte), (8 bytes).
    Removing drv_i2c.o(.text.I2C_WaitFlag), (88 bytes).
    Removing drv_i2c.o(.ARM.exidx.text.I2C_WaitFlag), (8 bytes).
    Removing drv_i2c.o(.text.DRV_I2C_Read), (410 bytes).
    Removing drv_i2c.o(.ARM.exidx.text.DRV_I2C_Read), (8 bytes).
    Removing drv_i2c.o(.text.I2C_ReadByte), (102 bytes).
    Removing drv_i2c.o(.ARM.exidx.text.I2C_ReadByte), (8 bytes).
    Removing drv_i2c.o(.text.DRV_I2C_Reset), (78 bytes).
    Removing drv_i2c.o(.ARM.exidx.text.DRV_I2C_Reset), (8 bytes).
    Removing drv_i2c.o(.text.I2C_CheckError), (144 bytes).
    Removing drv_i2c.o(.ARM.exidx.text.I2C_CheckError), (8 bytes).
    Removing drv_timer.o(.text), (0 bytes).
    Removing drv_timer.o(.text.DRV_TIMER_Init), (128 bytes).
    Removing drv_timer.o(.ARM.exidx.text.DRV_TIMER_Init), (8 bytes).
    Removing drv_timer.o(.text.DRV_SYSTICK_Init), (44 bytes).
    Removing drv_timer.o(.ARM.exidx.text.DRV_SYSTICK_Init), (8 bytes).
    Removing drv_timer.o(.text.DRV_DelayUs), (86 bytes).
    Removing drv_timer.o(.ARM.exidx.text.DRV_DelayUs), (8 bytes).
    Removing drv_timer.o(.text.DRV_DelayMs), (44 bytes).
    Removing drv_timer.o(.ARM.exidx.text.DRV_DelayMs), (8 bytes).
    Removing drv_timer.o(.text.DRV_TIMER_TickInit), (106 bytes).
    Removing drv_timer.o(.ARM.exidx.text.DRV_TIMER_TickInit), (8 bytes).
    Removing drv_timer.o(.text.__NVIC_EnableIRQ), (48 bytes).
    Removing drv_timer.o(.ARM.exidx.text.__NVIC_EnableIRQ), (8 bytes).
    Removing drv_timer.o(.text.DRV_TIMER_GetTick), (12 bytes).
    Removing drv_timer.o(.ARM.exidx.text.DRV_TIMER_GetTick), (8 bytes).
    Removing drv_timer.o(.ARM.exidx.text.TIM2_IRQHandler), (8 bytes).
    Removing drv_uart.o(.text), (0 bytes).
    Removing vl53l1_platform.o(.text), (0 bytes).
    Removing vl53l1_platform.o(.text.VL53L1_WriteMulti), (106 bytes).
    Removing vl53l1_platform.o(.ARM.exidx.text.VL53L1_WriteMulti), (8 bytes).
    Removing vl53l1_platform.o(.text.VL53L1_StatusToPlatform), (38 bytes).
    Removing vl53l1_platform.o(.ARM.exidx.text.VL53L1_StatusToPlatform), (8 bytes).
    Removing vl53l1_platform.o(.text.VL53L1_ReadMulti), (106 bytes).
    Removing vl53l1_platform.o(.ARM.exidx.text.VL53L1_ReadMulti), (8 bytes).
    Removing vl53l1_platform.o(.text.VL53L1_WrByte), (38 bytes).
    Removing vl53l1_platform.o(.ARM.exidx.text.VL53L1_WrByte), (8 bytes).
    Removing vl53l1_platform.o(.text.VL53L1_WrWord), (52 bytes).
    Removing vl53l1_platform.o(.ARM.exidx.text.VL53L1_WrWord), (8 bytes).
    Removing vl53l1_platform.o(.text.VL53L1_WrDWord), (64 bytes).
    Removing vl53l1_platform.o(.ARM.exidx.text.VL53L1_WrDWord), (8 bytes).
    Removing vl53l1_platform.o(.text.VL53L1_RdByte), (58 bytes).
    Removing vl53l1_platform.o(.ARM.exidx.text.VL53L1_RdByte), (8 bytes).
    Removing vl53l1_platform.o(.text.VL53L1_RdWord), (100 bytes).
    Removing vl53l1_platform.o(.ARM.exidx.text.VL53L1_RdWord), (8 bytes).
    Removing vl53l1_platform.o(.text.VL53L1_RdDWord), (90 bytes).
    Removing vl53l1_platform.o(.ARM.exidx.text.VL53L1_RdDWord), (8 bytes).
    Removing vl53l1_platform.o(.text.VL53L1_WaitMs), (50 bytes).
    Removing vl53l1_platform.o(.ARM.exidx.text.VL53L1_WaitMs), (8 bytes).
    Removing vl53l1x_api.o(.text), (0 bytes).
    Removing vl53l1x_api.o(.text.VL53L1X_GetSWVersion), (38 bytes).
    Removing vl53l1x_api.o(.ARM.exidx.text.VL53L1X_GetSWVersion), (8 bytes).
    Removing vl53l1x_api.o(.text.VL53L1X_SetI2CAddress), (54 bytes).
    Removing vl53l1x_api.o(.ARM.exidx.text.VL53L1X_SetI2CAddress), (8 bytes).
    Removing vl53l1x_api.o(.text.VL53L1X_SensorInit), (302 bytes).
    Removing vl53l1x_api.o(.ARM.exidx.text.VL53L1X_SensorInit), (8 bytes).
    Removing vl53l1x_api.o(.text.VL53L1X_StartRanging), (46 bytes).
    Removing vl53l1x_api.o(.ARM.exidx.text.VL53L1X_StartRanging), (8 bytes).
    Removing vl53l1x_api.o(.text.VL53L1X_CheckForDataReady), (118 bytes).
    Removing vl53l1x_api.o(.ARM.exidx.text.VL53L1X_CheckForDataReady), (8 bytes).
    Removing vl53l1x_api.o(.text.VL53L1X_ClearInterrupt), (46 bytes).
    Removing vl53l1x_api.o(.ARM.exidx.text.VL53L1X_ClearInterrupt), (8 bytes).
    Removing vl53l1x_api.o(.text.VL53L1X_StopRanging), (44 bytes).
    Removing vl53l1x_api.o(.ARM.exidx.text.VL53L1X_StopRanging), (8 bytes).
    Removing vl53l1x_api.o(.text.VL53L1X_SetInterruptPolarity), (104 bytes).
    Removing vl53l1x_api.o(.ARM.exidx.text.VL53L1X_SetInterruptPolarity), (8 bytes).
    Removing vl53l1x_api.o(.text.VL53L1X_GetInterruptPolarity), (78 bytes).
    Removing vl53l1x_api.o(.ARM.exidx.text.VL53L1X_GetInterruptPolarity), (8 bytes).
    Removing vl53l1x_api.o(.text.VL53L1X_SetTimingBudgetInMs), (594 bytes).
    Removing vl53l1x_api.o(.ARM.exidx.text.VL53L1X_SetTimingBudgetInMs), (8 bytes).
    Removing vl53l1x_api.o(.text.VL53L1X_GetDistanceMode), (86 bytes).
    Removing vl53l1x_api.o(.ARM.exidx.text.VL53L1X_GetDistanceMode), (8 bytes).
    Removing vl53l1x_api.o(.text.VL53L1X_GetTimingBudgetInMs), (256 bytes).
    Removing vl53l1x_api.o(.ARM.exidx.text.VL53L1X_GetTimingBudgetInMs), (8 bytes).
    Removing vl53l1x_api.o(.text.VL53L1X_SetDistanceMode), (342 bytes).
    Removing vl53l1x_api.o(.ARM.exidx.text.VL53L1X_SetDistanceMode), (8 bytes).
    Removing vl53l1x_api.o(.text.VL53L1X_SetInterMeasurementInMs), (110 bytes).
    Removing vl53l1x_api.o(.ARM.exidx.text.VL53L1X_SetInterMeasurementInMs), (8 bytes).
    Removing vl53l1x_api.o(.text.VL53L1X_GetInterMeasurementInMs), (154 bytes).
    Removing vl53l1x_api.o(.ARM.exidx.text.VL53L1X_GetInterMeasurementInMs), (8 bytes).
    Removing vl53l1x_api.o(.text.VL53L1X_BootState), (62 bytes).
    Removing vl53l1x_api.o(.ARM.exidx.text.VL53L1X_BootState), (8 bytes).
    Removing vl53l1x_api.o(.text.VL53L1X_GetSensorId), (62 bytes).
    Removing vl53l1x_api.o(.ARM.exidx.text.VL53L1X_GetSensorId), (8 bytes).
    Removing vl53l1x_api.o(.text.VL53L1X_GetDistance), (56 bytes).
    Removing vl53l1x_api.o(.ARM.exidx.text.VL53L1X_GetDistance), (8 bytes).
    Removing vl53l1x_api.o(.text.VL53L1X_GetSignalPerSpad), (134 bytes).
    Removing vl53l1x_api.o(.ARM.exidx.text.VL53L1X_GetSignalPerSpad), (8 bytes).
    Removing vl53l1x_api.o(.text.VL53L1X_GetAmbientPerSpad), (134 bytes).
    Removing vl53l1x_api.o(.ARM.exidx.text.VL53L1X_GetAmbientPerSpad), (8 bytes).
    Removing vl53l1x_api.o(.text.VL53L1X_GetSignalRate), (58 bytes).
    Removing vl53l1x_api.o(.ARM.exidx.text.VL53L1X_GetSignalRate), (8 bytes).
    Removing vl53l1x_api.o(.text.VL53L1X_GetSpadNb), (56 bytes).
    Removing vl53l1x_api.o(.ARM.exidx.text.VL53L1X_GetSpadNb), (8 bytes).
    Removing vl53l1x_api.o(.text.VL53L1X_GetAmbientRate), (58 bytes).
    Removing vl53l1x_api.o(.ARM.exidx.text.VL53L1X_GetAmbientRate), (8 bytes).
    Removing vl53l1x_api.o(.text.VL53L1X_GetRangeStatus), (98 bytes).
    Removing vl53l1x_api.o(.ARM.exidx.text.VL53L1X_GetRangeStatus), (8 bytes).
    Removing vl53l1x_api.o(.text.VL53L1X_GetResult), (168 bytes).
    Removing vl53l1x_api.o(.ARM.exidx.text.VL53L1X_GetResult), (8 bytes).
    Removing vl53l1x_api.o(.text.VL53L1X_SetOffset), (112 bytes).
    Removing vl53l1x_api.o(.ARM.exidx.text.VL53L1X_SetOffset), (8 bytes).
    Removing vl53l1x_api.o(.text.VL53L1X_GetOffset), (102 bytes).
    Removing vl53l1x_api.o(.ARM.exidx.text.VL53L1X_GetOffset), (8 bytes).
    Removing vl53l1x_api.o(.text.VL53L1X_SetXtalk), (116 bytes).
    Removing vl53l1x_api.o(.ARM.exidx.text.VL53L1X_SetXtalk), (8 bytes).
    Removing vl53l1x_api.o(.text.VL53L1X_GetXtalk), (62 bytes).
    Removing vl53l1x_api.o(.ARM.exidx.text.VL53L1X_GetXtalk), (8 bytes).
    Removing vl53l1x_api.o(.text.VL53L1X_SetDistanceThreshold), (202 bytes).
    Removing vl53l1x_api.o(.ARM.exidx.text.VL53L1X_SetDistanceThreshold), (8 bytes).
    Removing vl53l1x_api.o(.text.VL53L1X_GetDistanceThresholdWindow), (62 bytes).
    Removing vl53l1x_api.o(.ARM.exidx.text.VL53L1X_GetDistanceThresholdWindow), (8 bytes).
    Removing vl53l1x_api.o(.text.VL53L1X_GetDistanceThresholdLow), (56 bytes).
    Removing vl53l1x_api.o(.ARM.exidx.text.VL53L1X_GetDistanceThresholdLow), (8 bytes).
    Removing vl53l1x_api.o(.text.VL53L1X_GetDistanceThresholdHigh), (56 bytes).
    Removing vl53l1x_api.o(.ARM.exidx.text.VL53L1X_GetDistanceThresholdHigh), (8 bytes).
    Removing vl53l1x_api.o(.text.VL53L1X_SetROICenter), (52 bytes).
    Removing vl53l1x_api.o(.ARM.exidx.text.VL53L1X_SetROICenter), (8 bytes).
    Removing vl53l1x_api.o(.text.VL53L1X_GetROICenter), (58 bytes).
    Removing vl53l1x_api.o(.ARM.exidx.text.VL53L1X_GetROICenter), (8 bytes).
    Removing vl53l1x_api.o(.text.VL53L1X_SetROI), (192 bytes).
    Removing vl53l1x_api.o(.ARM.exidx.text.VL53L1X_SetROI), (8 bytes).
    Removing vl53l1x_api.o(.text.VL53L1X_GetROI_XY), (72 bytes).
    Removing vl53l1x_api.o(.ARM.exidx.text.VL53L1X_GetROI_XY), (8 bytes).
    Removing vl53l1x_api.o(.text.VL53L1X_SetSignalThreshold), (54 bytes).
    Removing vl53l1x_api.o(.ARM.exidx.text.VL53L1X_SetSignalThreshold), (8 bytes).
    Removing vl53l1x_api.o(.text.VL53L1X_GetSignalThreshold), (58 bytes).
    Removing vl53l1x_api.o(.ARM.exidx.text.VL53L1X_GetSignalThreshold), (8 bytes).
    Removing vl53l1x_api.o(.text.VL53L1X_SetSigmaThreshold), (86 bytes).
    Removing vl53l1x_api.o(.ARM.exidx.text.VL53L1X_SetSigmaThreshold), (8 bytes).
    Removing vl53l1x_api.o(.text.VL53L1X_GetSigmaThreshold), (58 bytes).
    Removing vl53l1x_api.o(.ARM.exidx.text.VL53L1X_GetSigmaThreshold), (8 bytes).
    Removing vl53l1x_api.o(.text.VL53L1X_StartTemperatureUpdate), (276 bytes).
    Removing vl53l1x_api.o(.ARM.exidx.text.VL53L1X_StartTemperatureUpdate), (8 bytes).
    Removing vl53l1x_api.o(.rodata.VL51L1X_DEFAULT_CONFIGURATION), (91 bytes).
    Removing vl53l1x_api.o(.rodata.status_rtn), (24 bytes).
    Removing vl53l1x_calibration.o(.text), (0 bytes).
    Removing vl53l1x_calibration.o(.text.VL53L1X_CalibrateOffset), (412 bytes).
    Removing vl53l1x_calibration.o(.ARM.exidx.text.VL53L1X_CalibrateOffset), (8 bytes).
    Removing vl53l1x_calibration.o(.text.VL53L1X_CalibrateXtalk), (546 bytes).
    Removing vl53l1x_calibration.o(.ARM.exidx.text.VL53L1X_CalibrateXtalk), (8 bytes).
    Removing system_stm32f10x.o(.text), (0 bytes).
    Removing system_stm32f10x.o(.ARM.exidx.text.SystemInit), (8 bytes).
    Removing system_stm32f10x.o(.ARM.exidx.text.SetSysClock), (8 bytes).
    Removing system_stm32f10x.o(.text.SystemCoreClockUpdate), (290 bytes).
    Removing system_stm32f10x.o(.ARM.exidx.text.SystemCoreClockUpdate), (8 bytes).
    Removing system_stm32f10x.o(.ARM.exidx.text.SetSysClockTo72), (8 bytes).
    Removing system_stm32f10x.o(.data.SystemCoreClock), (4 bytes).
    Removing system_stm32f10x.o(.rodata.AHBPrescTable), (16 bytes).

238 unused section(s) (total 13655 bytes) removed from the image.

==============================================================================

Image Symbol Table

    Local Symbols

    Symbol Name                              Value     Ov Type        Size  Object(Section)

    ../clib/angel/boardlib.s                 0x00000000   Number         0  boardinit1.o ABSOLUTE
    ../clib/angel/boardlib.s                 0x00000000   Number         0  boardinit2.o ABSOLUTE
    ../clib/angel/boardlib.s                 0x00000000   Number         0  boardinit3.o ABSOLUTE
    ../clib/angel/boardlib.s                 0x00000000   Number         0  boardshut.o ABSOLUTE
    ../clib/angel/handlers.s                 0x00000000   Number         0  __scatter_zi.o ABSOLUTE
    ../clib/angel/kernel.s                   0x00000000   Number         0  __rtentry.o ABSOLUTE
    ../clib/angel/kernel.s                   0x00000000   Number         0  __rtentry2.o ABSOLUTE
    ../clib/angel/kernel.s                   0x00000000   Number         0  __rtentry4.o ABSOLUTE
    ../clib/angel/kernel.s                   0x00000000   Number         0  rtexit.o ABSOLUTE
    ../clib/angel/kernel.s                   0x00000000   Number         0  rtexit2.o ABSOLUTE
    ../clib/angel/rt.s                       0x00000000   Number         0  rt_raise.o ABSOLUTE
    ../clib/angel/scatter.s                  0x00000000   Number         0  __scatter.o ABSOLUTE
    ../clib/angel/startup.s                  0x00000000   Number         0  __main.o ABSOLUTE
    ../clib/angel/sys.s                      0x00000000   Number         0  sys_stackheap_outer.o ABSOLUTE
    ../clib/angel/sys.s                      0x00000000   Number         0  libspace.o ABSOLUTE
    ../clib/angel/sys.s                      0x00000000   Number         0  use_no_semi.o ABSOLUTE
    ../clib/angel/sys.s                      0x00000000   Number         0  indicate_semi.o ABSOLUTE
    ../clib/angel/sysapp.c                   0x00000000   Number         0  sys_exit.o ABSOLUTE
    ../clib/angel/sysapp.c                   0x00000000   Number         0  sys_exit_hlt.o ABSOLUTE
    ../clib/angel/sysapp.c                   0x00000000   Number         0  sys_command.o ABSOLUTE
    ../clib/angel/sysapp.c                   0x00000000   Number         0  sys_command_hlt.o ABSOLUTE
    ../clib/angel/sysapp.c                   0x00000000   Number         0  sys_wrch.o ABSOLUTE
    ../clib/angel/sysapp.c                   0x00000000   Number         0  sys_wrch_hlt.o ABSOLUTE
    ../clib/armsys.c                         0x00000000   Number         0  argv_veneer.o ABSOLUTE
    ../clib/armsys.c                         0x00000000   Number         0  argv_veneer.o ABSOLUTE
    ../clib/armsys.c                         0x00000000   Number         0  _get_argv_nomalloc.o ABSOLUTE
    ../clib/armsys.c                         0x00000000   Number         0  no_argv.o ABSOLUTE
    ../clib/heapalloc.c                      0x00000000   Number         0  hrguard.o ABSOLUTE
    ../clib/heapaux.c                        0x00000000   Number         0  heapauxi.o ABSOLUTE
    ../clib/libinit.s                        0x00000000   Number         0  libinit.o ABSOLUTE
    ../clib/libinit.s                        0x00000000   Number         0  libinit2.o ABSOLUTE
    ../clib/libinit.s                        0x00000000   Number         0  libshutdown.o ABSOLUTE
    ../clib/libinit.s                        0x00000000   Number         0  libshutdown2.o ABSOLUTE
    ../clib/signal.c                         0x00000000   Number         0  defsig_rtmem_outer.o ABSOLUTE
    ../clib/signal.c                         0x00000000   Number         0  defsig_rtmem_formal.o ABSOLUTE
    ../clib/signal.c                         0x00000000   Number         0  defsig_exit.o ABSOLUTE
    ../clib/signal.c                         0x00000000   Number         0  defsig_rtmem_inner.o ABSOLUTE
    ../clib/signal.c                         0x00000000   Number         0  __raise.o ABSOLUTE
    ../clib/signal.c                         0x00000000   Number         0  defsig_general.o ABSOLUTE
    ../clib/signal.c                         0x00000000   Number         0  defsig_abrt_inner.o ABSOLUTE
    ../clib/signal.c                         0x00000000   Number         0  defsig_fpe_inner.o ABSOLUTE
    ../clib/signal.c                         0x00000000   Number         0  defsig_rtred_inner.o ABSOLUTE
    ../clib/signal.c                         0x00000000   Number         0  defsig_stak_inner.o ABSOLUTE
    ../clib/signal.c                         0x00000000   Number         0  defsig_pvfn_inner.o ABSOLUTE
    ../clib/signal.c                         0x00000000   Number         0  defsig_cppl_inner.o ABSOLUTE
    ../clib/signal.c                         0x00000000   Number         0  defsig_segv_inner.o ABSOLUTE
    ../clib/signal.c                         0x00000000   Number         0  defsig_other.o ABSOLUTE
    ../clib/signal.s                         0x00000000   Number         0  defsig.o ABSOLUTE
    ../clib/stdlib.c                         0x00000000   Number         0  exit.o ABSOLUTE
    ../fplib/ddiv.s                          0x00000000   Number         0  ddiv.o ABSOLUTE
    ../fplib/dfix.s                          0x00000000   Number         0  dfix.o ABSOLUTE
    ../fplib/dfixu.s                         0x00000000   Number         0  dfixu.o ABSOLUTE
    ../fplib/dflt.s                          0x00000000   Number         0  dflt_clz.o ABSOLUTE
    ../fplib/dmul.s                          0x00000000   Number         0  dmul.o ABSOLUTE
    ../fplib/dnaninf.s                       0x00000000   Number         0  dnaninf.o ABSOLUTE
    ../fplib/dretinf.s                       0x00000000   Number         0  dretinf.o ABSOLUTE
    ../fplib/faddsub.s                       0x00000000   Number         0  faddsub_clz.o ABSOLUTE
    ../fplib/fdiv.s                          0x00000000   Number         0  fdiv.o ABSOLUTE
    ../fplib/ffix.s                          0x00000000   Number         0  ffix.o ABSOLUTE
    ../fplib/fflt.s                          0x00000000   Number         0  fflt_clz.o ABSOLUTE
    ../fplib/fmul.s                          0x00000000   Number         0  fmul.o ABSOLUTE
    ../fplib/fnaninf.s                       0x00000000   Number         0  fnaninf.o ABSOLUTE
    ../fplib/fpinit.s                        0x00000000   Number         0  fpinit.o ABSOLUTE
    ../fplib/fpinit_empty.s                  0x00000000   Number         0  fpinit_empty.o ABSOLUTE
    ../fplib/fretinf.s                       0x00000000   Number         0  fretinf.o ABSOLUTE
    ../fplib/usenofp.s                       0x00000000   Number         0  usenofp.o ABSOLUTE
    RTE/Device/STM32F103C8/startup_stm32f10x_md.s 0x00000000   Number         0  startup_stm32f10x_md.o ABSOLUTE
    VL53L1X_api.c                            0x00000000   Number         0  vl53l1x_api.o ABSOLUTE
    VL53L1X_calibration.c                    0x00000000   Number         0  vl53l1x_calibration.o ABSOLUTE
    app_main.c                               0x00000000   Number         0  app_main.o ABSOLUTE
    dc.s                                     0x00000000   Number         0  dc.o ABSOLUTE
    drv_can.c                                0x00000000   Number         0  drv_can.o ABSOLUTE
    drv_gpio.c                               0x00000000   Number         0  drv_gpio.o ABSOLUTE
    drv_i2c.c                                0x00000000   Number         0  drv_i2c.o ABSOLUTE
    drv_timer.c                              0x00000000   Number         0  drv_timer.o ABSOLUTE
    drv_uart.c                               0x00000000   Number         0  drv_uart.o ABSOLUTE
    hal_can.c                                0x00000000   Number         0  hal_can.o ABSOLUTE
    hal_mpu.c                                0x00000000   Number         0  hal_mpu.o ABSOLUTE
    hal_vl53.c                               0x00000000   Number         0  hal_vl53.o ABSOLUTE
    sensor_manager.c                         0x00000000   Number         0  sensor_manager.o ABSOLUTE
    sensor_state_machine.c                   0x00000000   Number         0  sensor_state_machine.o ABSOLUTE
    sensor_task.c                            0x00000000   Number         0  sensor_task.o ABSOLUTE
    system_stm32f10x.c                       0x00000000   Number         0  system_stm32f10x.o ABSOLUTE
    vl53l1_platform.c                        0x00000000   Number         0  vl53l1_platform.o ABSOLUTE
    RESET                                    0x08000000   Section      236  startup_stm32f10x_md.o(RESET)
    !!!main                                  0x080000ec   Section        8  __main.o(!!!main)
    !!!scatter                               0x080000f4   Section       92  __scatter.o(!!!scatter)
    !!handler_null                           0x08000150   Section        2  __scatter.o(!!handler_null)
    !!handler_zi                             0x08000154   Section       28  __scatter_zi.o(!!handler_zi)
    .ARM.Collect$$libinit$$00000000          0x08000170   Section        2  libinit.o(.ARM.Collect$$libinit$$00000000)
    .ARM.Collect$$libinit$$00000002          0x08000172   Section        0  libinit2.o(.ARM.Collect$$libinit$$00000002)
    .ARM.Collect$$libinit$$00000004          0x08000172   Section        0  libinit2.o(.ARM.Collect$$libinit$$00000004)
    .ARM.Collect$$libinit$$00000006          0x08000172   Section        0  libinit2.o(.ARM.Collect$$libinit$$00000006)
    .ARM.Collect$$libinit$$0000000C          0x08000172   Section        0  libinit2.o(.ARM.Collect$$libinit$$0000000C)
    .ARM.Collect$$libinit$$0000000E          0x08000172   Section        0  libinit2.o(.ARM.Collect$$libinit$$0000000E)
    .ARM.Collect$$libinit$$00000010          0x08000172   Section        0  libinit2.o(.ARM.Collect$$libinit$$00000010)
    .ARM.Collect$$libinit$$00000013          0x08000172   Section        0  libinit2.o(.ARM.Collect$$libinit$$00000013)
    .ARM.Collect$$libinit$$00000015          0x08000172   Section        0  libinit2.o(.ARM.Collect$$libinit$$00000015)
    .ARM.Collect$$libinit$$00000017          0x08000172   Section        0  libinit2.o(.ARM.Collect$$libinit$$00000017)
    .ARM.Collect$$libinit$$00000019          0x08000172   Section        0  libinit2.o(.ARM.Collect$$libinit$$00000019)
    .ARM.Collect$$libinit$$0000001B          0x08000172   Section        0  libinit2.o(.ARM.Collect$$libinit$$0000001B)
    .ARM.Collect$$libinit$$0000001D          0x08000172   Section        0  libinit2.o(.ARM.Collect$$libinit$$0000001D)
    .ARM.Collect$$libinit$$0000001F          0x08000172   Section        0  libinit2.o(.ARM.Collect$$libinit$$0000001F)
    .ARM.Collect$$libinit$$00000021          0x08000172   Section        0  libinit2.o(.ARM.Collect$$libinit$$00000021)
    .ARM.Collect$$libinit$$00000023          0x08000172   Section        0  libinit2.o(.ARM.Collect$$libinit$$00000023)
    .ARM.Collect$$libinit$$00000025          0x08000172   Section        0  libinit2.o(.ARM.Collect$$libinit$$00000025)
    .ARM.Collect$$libinit$$00000027          0x08000172   Section        0  libinit2.o(.ARM.Collect$$libinit$$00000027)
    .ARM.Collect$$libinit$$0000002E          0x08000172   Section        0  libinit2.o(.ARM.Collect$$libinit$$0000002E)
    .ARM.Collect$$libinit$$00000030          0x08000172   Section        0  libinit2.o(.ARM.Collect$$libinit$$00000030)
    .ARM.Collect$$libinit$$00000032          0x08000172   Section        0  libinit2.o(.ARM.Collect$$libinit$$00000032)
    .ARM.Collect$$libinit$$00000034          0x08000172   Section        0  libinit2.o(.ARM.Collect$$libinit$$00000034)
    .ARM.Collect$$libinit$$00000035          0x08000172   Section        2  libinit2.o(.ARM.Collect$$libinit$$00000035)
    .ARM.Collect$$libshutdown$$00000000      0x08000174   Section        2  libshutdown.o(.ARM.Collect$$libshutdown$$00000000)
    .ARM.Collect$$libshutdown$$00000002      0x08000176   Section        0  libshutdown2.o(.ARM.Collect$$libshutdown$$00000002)
    .ARM.Collect$$libshutdown$$00000004      0x08000176   Section        0  libshutdown2.o(.ARM.Collect$$libshutdown$$00000004)
    .ARM.Collect$$libshutdown$$00000007      0x08000176   Section        0  libshutdown2.o(.ARM.Collect$$libshutdown$$00000007)
    .ARM.Collect$$libshutdown$$0000000A      0x08000176   Section        0  libshutdown2.o(.ARM.Collect$$libshutdown$$0000000A)
    .ARM.Collect$$libshutdown$$0000000C      0x08000176   Section        0  libshutdown2.o(.ARM.Collect$$libshutdown$$0000000C)
    .ARM.Collect$$libshutdown$$0000000F      0x08000176   Section        0  libshutdown2.o(.ARM.Collect$$libshutdown$$0000000F)
    .ARM.Collect$$libshutdown$$00000010      0x08000176   Section        2  libshutdown2.o(.ARM.Collect$$libshutdown$$00000010)
    .ARM.Collect$$rtentry$$00000000          0x08000178   Section        0  __rtentry.o(.ARM.Collect$$rtentry$$00000000)
    .ARM.Collect$$rtentry$$00000002          0x08000178   Section        0  __rtentry2.o(.ARM.Collect$$rtentry$$00000002)
    .ARM.Collect$$rtentry$$00000004          0x08000178   Section        6  __rtentry4.o(.ARM.Collect$$rtentry$$00000004)
    .ARM.Collect$$rtentry$$00000009          0x0800017e   Section        0  __rtentry2.o(.ARM.Collect$$rtentry$$00000009)
    .ARM.Collect$$rtentry$$0000000A          0x0800017e   Section        4  __rtentry2.o(.ARM.Collect$$rtentry$$0000000A)
    .ARM.Collect$$rtentry$$0000000C          0x08000182   Section        0  __rtentry2.o(.ARM.Collect$$rtentry$$0000000C)
    .ARM.Collect$$rtentry$$0000000D          0x08000182   Section        8  __rtentry2.o(.ARM.Collect$$rtentry$$0000000D)
    .ARM.Collect$$rtexit$$00000000           0x0800018a   Section        2  rtexit.o(.ARM.Collect$$rtexit$$00000000)
    .ARM.Collect$$rtexit$$00000002           0x0800018c   Section        0  rtexit2.o(.ARM.Collect$$rtexit$$00000002)
    .ARM.Collect$$rtexit$$00000003           0x0800018c   Section        4  rtexit2.o(.ARM.Collect$$rtexit$$00000003)
    .ARM.Collect$$rtexit$$00000004           0x08000190   Section        6  rtexit2.o(.ARM.Collect$$rtexit$$00000004)
    .text                                    0x08000198   Section       64  startup_stm32f10x_md.o(.text)
    .text                                    0x080001d8   Section        0  heapauxi.o(.text)
    .text                                    0x080001de   Section       74  sys_stackheap_outer.o(.text)
    .text                                    0x08000228   Section        0  exit.o(.text)
    .text                                    0x0800023c   Section        8  libspace.o(.text)
    .text                                    0x08000244   Section        0  sys_exit.o(.text)
    .text                                    0x08000250   Section        2  use_no_semi.o(.text)
    .text                                    0x08000252   Section        0  indicate_semi.o(.text)
    SetSysClock                              0x08000255   Thumb Code     8  system_stm32f10x.o(.text.SetSysClock)
    [Anonymous Symbol]                       0x08000254   Section        0  system_stm32f10x.o(.text.SetSysClock)
    SetSysClockTo72                          0x0800025d   Thumb Code   290  system_stm32f10x.o(.text.SetSysClockTo72)
    [Anonymous Symbol]                       0x0800025c   Section        0  system_stm32f10x.o(.text.SetSysClockTo72)
    [Anonymous Symbol]                       0x08000380   Section        0  system_stm32f10x.o(.text.SystemInit)
    [Anonymous Symbol]                       0x080003e8   Section        0  drv_timer.o(.text.TIM2_IRQHandler)
    [Anonymous Symbol]                       0x08000418   Section        0  app_main.o(.text.main)
    .bss                                     0x20000000   Section       96  libspace.o(.bss)
    s_tickMs                                 0x20000060   Data           4  drv_timer.o(.bss.s_tickMs)
    [Anonymous Symbol]                       0x20000060   Section        0  drv_timer.o(.bss.s_tickMs)
    Heap_Mem                                 0x20000068   Data         512  startup_stm32f10x_md.o(HEAP)
    HEAP                                     0x20000068   Section      512  startup_stm32f10x_md.o(HEAP)
    Stack_Mem                                0x20000268   Data        1024  startup_stm32f10x_md.o(STACK)
    STACK                                    0x20000268   Section     1024  startup_stm32f10x_md.o(STACK)
    __initial_sp                             0x20000668   Data           0  startup_stm32f10x_md.o(STACK)

    Global Symbols

    Symbol Name                              Value     Ov Type        Size  Object(Section)

    BuildAttributes$$THM_ISAv4$P$D$K$B$S$PE$A:L22UL41UL21$X:L11$S22US41US21$IEEE1$IW$~IW$USESV6$~STKCKD$USESV7$~SHL$OSPACE$ROPI$EBA8$UX$STANDARDLIB$REQ8$PRES8$EABIv2 0x00000000   Number         0  anon$$obj.o ABSOLUTE
    __fp_init_empty                          0x00000000   Number         0  fpinit_empty.o ABSOLUTE
    __ARM_exceptions_init                     - Undefined Weak Reference
    __alloca_initialize                       - Undefined Weak Reference
    __arm_preinit_                            - Undefined Weak Reference
    __arm_relocate_pie_                       - Undefined Weak Reference
    __cpp_initialize__aeabi_                  - Undefined Weak Reference
    __cxa_finalize                            - Undefined Weak Reference
    __rt_locale                               - Undefined Weak Reference
    __sigvec_lookup                           - Undefined Weak Reference
    _atexit_init                              - Undefined Weak Reference
    _call_atexit_fns                          - Undefined Weak Reference
    _clock_init                               - Undefined Weak Reference
    _fp_trap_init                             - Undefined Weak Reference
    _fp_trap_shutdown                         - Undefined Weak Reference
    _get_lc_collate                           - Undefined Weak Reference
    _get_lc_ctype                             - Undefined Weak Reference
    _get_lc_monetary                          - Undefined Weak Reference
    _get_lc_numeric                           - Undefined Weak Reference
    _get_lc_time                              - Undefined Weak Reference
    _getenv_init                              - Undefined Weak Reference
    _handle_redirection                       - Undefined Weak Reference
    _init_alloc                               - Undefined Weak Reference
    _init_user_alloc                          - Undefined Weak Reference
    _initio                                   - Undefined Weak Reference
    _rand_init                                - Undefined Weak Reference
    _signal_finish                            - Undefined Weak Reference
    _signal_init                              - Undefined Weak Reference
    _terminate_alloc                          - Undefined Weak Reference
    _terminate_user_alloc                     - Undefined Weak Reference
    _terminateio                              - Undefined Weak Reference
    __Vectors_Size                           0x000000ec   Number         0  startup_stm32f10x_md.o ABSOLUTE
    __Vectors                                0x08000000   Data           4  startup_stm32f10x_md.o(RESET)
    __Vectors_End                            0x080000ec   Data           0  startup_stm32f10x_md.o(RESET)
    __main                                   0x080000ed   Thumb Code     8  __main.o(!!!main)
    __scatterload                            0x080000f5   Thumb Code     0  __scatter.o(!!!scatter)
    __scatterload_rt2                        0x080000f5   Thumb Code    84  __scatter.o(!!!scatter)
    __scatterload_rt2_thumb_only             0x080000f5   Thumb Code     0  __scatter.o(!!!scatter)
    __scatterload_loop                       0x080000ff   Thumb Code     0  __scatter.o(!!!scatter)
    __scatterload_null                       0x08000151   Thumb Code     2  __scatter.o(!!handler_null)
    __scatterload_zeroinit                   0x08000155   Thumb Code    28  __scatter_zi.o(!!handler_zi)
    __rt_lib_init                            0x08000171   Thumb Code     0  libinit.o(.ARM.Collect$$libinit$$00000000)
    __rt_lib_init_alloca_1                   0x08000173   Thumb Code     0  libinit2.o(.ARM.Collect$$libinit$$00000030)
    __rt_lib_init_argv_1                     0x08000173   Thumb Code     0  libinit2.o(.ARM.Collect$$libinit$$0000002E)
    __rt_lib_init_atexit_1                   0x08000173   Thumb Code     0  libinit2.o(.ARM.Collect$$libinit$$0000001D)
    __rt_lib_init_clock_1                    0x08000173   Thumb Code     0  libinit2.o(.ARM.Collect$$libinit$$00000023)
    __rt_lib_init_cpp_1                      0x08000173   Thumb Code     0  libinit2.o(.ARM.Collect$$libinit$$00000034)
    __rt_lib_init_exceptions_1               0x08000173   Thumb Code     0  libinit2.o(.ARM.Collect$$libinit$$00000032)
    __rt_lib_init_fp_1                       0x08000173   Thumb Code     0  libinit2.o(.ARM.Collect$$libinit$$00000002)
    __rt_lib_init_fp_trap_1                  0x08000173   Thumb Code     0  libinit2.o(.ARM.Collect$$libinit$$00000021)
    __rt_lib_init_getenv_1                   0x08000173   Thumb Code     0  libinit2.o(.ARM.Collect$$libinit$$00000025)
    __rt_lib_init_heap_1                     0x08000173   Thumb Code     0  libinit2.o(.ARM.Collect$$libinit$$0000000C)
    __rt_lib_init_lc_collate_1               0x08000173   Thumb Code     0  libinit2.o(.ARM.Collect$$libinit$$00000013)
    __rt_lib_init_lc_ctype_1                 0x08000173   Thumb Code     0  libinit2.o(.ARM.Collect$$libinit$$00000015)
    __rt_lib_init_lc_monetary_1              0x08000173   Thumb Code     0  libinit2.o(.ARM.Collect$$libinit$$00000017)
    __rt_lib_init_lc_numeric_1               0x08000173   Thumb Code     0  libinit2.o(.ARM.Collect$$libinit$$00000019)
    __rt_lib_init_lc_time_1                  0x08000173   Thumb Code     0  libinit2.o(.ARM.Collect$$libinit$$0000001B)
    __rt_lib_init_preinit_1                  0x08000173   Thumb Code     0  libinit2.o(.ARM.Collect$$libinit$$00000006)
    __rt_lib_init_rand_1                     0x08000173   Thumb Code     0  libinit2.o(.ARM.Collect$$libinit$$00000010)
    __rt_lib_init_relocate_pie_1             0x08000173   Thumb Code     0  libinit2.o(.ARM.Collect$$libinit$$00000004)
    __rt_lib_init_return                     0x08000173   Thumb Code     0  libinit2.o(.ARM.Collect$$libinit$$00000035)
    __rt_lib_init_signal_1                   0x08000173   Thumb Code     0  libinit2.o(.ARM.Collect$$libinit$$0000001F)
    __rt_lib_init_stdio_1                    0x08000173   Thumb Code     0  libinit2.o(.ARM.Collect$$libinit$$00000027)
    __rt_lib_init_user_alloc_1               0x08000173   Thumb Code     0  libinit2.o(.ARM.Collect$$libinit$$0000000E)
    __rt_lib_shutdown                        0x08000175   Thumb Code     0  libshutdown.o(.ARM.Collect$$libshutdown$$00000000)
    __rt_lib_shutdown_cpp_1                  0x08000177   Thumb Code     0  libshutdown2.o(.ARM.Collect$$libshutdown$$00000002)
    __rt_lib_shutdown_fp_trap_1              0x08000177   Thumb Code     0  libshutdown2.o(.ARM.Collect$$libshutdown$$00000007)
    __rt_lib_shutdown_heap_1                 0x08000177   Thumb Code     0  libshutdown2.o(.ARM.Collect$$libshutdown$$0000000F)
    __rt_lib_shutdown_return                 0x08000177   Thumb Code     0  libshutdown2.o(.ARM.Collect$$libshutdown$$00000010)
    __rt_lib_shutdown_signal_1               0x08000177   Thumb Code     0  libshutdown2.o(.ARM.Collect$$libshutdown$$0000000A)
    __rt_lib_shutdown_stdio_1                0x08000177   Thumb Code     0  libshutdown2.o(.ARM.Collect$$libshutdown$$00000004)
    __rt_lib_shutdown_user_alloc_1           0x08000177   Thumb Code     0  libshutdown2.o(.ARM.Collect$$libshutdown$$0000000C)
    __rt_entry                               0x08000179   Thumb Code     0  __rtentry.o(.ARM.Collect$$rtentry$$00000000)
    __rt_entry_presh_1                       0x08000179   Thumb Code     0  __rtentry2.o(.ARM.Collect$$rtentry$$00000002)
    __rt_entry_sh                            0x08000179   Thumb Code     0  __rtentry4.o(.ARM.Collect$$rtentry$$00000004)
    __rt_entry_li                            0x0800017f   Thumb Code     0  __rtentry2.o(.ARM.Collect$$rtentry$$0000000A)
    __rt_entry_postsh_1                      0x0800017f   Thumb Code     0  __rtentry2.o(.ARM.Collect$$rtentry$$00000009)
    __rt_entry_main                          0x08000183   Thumb Code     0  __rtentry2.o(.ARM.Collect$$rtentry$$0000000D)
    __rt_entry_postli_1                      0x08000183   Thumb Code     0  __rtentry2.o(.ARM.Collect$$rtentry$$0000000C)
    __rt_exit                                0x0800018b   Thumb Code     0  rtexit.o(.ARM.Collect$$rtexit$$00000000)
    __rt_exit_ls                             0x0800018d   Thumb Code     0  rtexit2.o(.ARM.Collect$$rtexit$$00000003)
    __rt_exit_prels_1                        0x0800018d   Thumb Code     0  rtexit2.o(.ARM.Collect$$rtexit$$00000002)
    __rt_exit_exit                           0x08000191   Thumb Code     0  rtexit2.o(.ARM.Collect$$rtexit$$00000004)
    Reset_Handler                            0x08000199   Thumb Code     8  startup_stm32f10x_md.o(.text)
    NMI_Handler                              0x080001a1   Thumb Code     2  startup_stm32f10x_md.o(.text)
    HardFault_Handler                        0x080001a3   Thumb Code     2  startup_stm32f10x_md.o(.text)
    MemManage_Handler                        0x080001a5   Thumb Code     2  startup_stm32f10x_md.o(.text)
    BusFault_Handler                         0x080001a7   Thumb Code     2  startup_stm32f10x_md.o(.text)
    UsageFault_Handler                       0x080001a9   Thumb Code     2  startup_stm32f10x_md.o(.text)
    SVC_Handler                              0x080001ab   Thumb Code     2  startup_stm32f10x_md.o(.text)
    DebugMon_Handler                         0x080001ad   Thumb Code     2  startup_stm32f10x_md.o(.text)
    PendSV_Handler                           0x080001af   Thumb Code     2  startup_stm32f10x_md.o(.text)
    SysTick_Handler                          0x080001b1   Thumb Code     2  startup_stm32f10x_md.o(.text)
    ADC1_2_IRQHandler                        0x080001b3   Thumb Code     0  startup_stm32f10x_md.o(.text)
    CAN1_RX1_IRQHandler                      0x080001b3   Thumb Code     0  startup_stm32f10x_md.o(.text)
    CAN1_SCE_IRQHandler                      0x080001b3   Thumb Code     0  startup_stm32f10x_md.o(.text)
    DMA1_Channel1_IRQHandler                 0x080001b3   Thumb Code     0  startup_stm32f10x_md.o(.text)
    DMA1_Channel2_IRQHandler                 0x080001b3   Thumb Code     0  startup_stm32f10x_md.o(.text)
    DMA1_Channel3_IRQHandler                 0x080001b3   Thumb Code     0  startup_stm32f10x_md.o(.text)
    DMA1_Channel4_IRQHandler                 0x080001b3   Thumb Code     0  startup_stm32f10x_md.o(.text)
    DMA1_Channel5_IRQHandler                 0x080001b3   Thumb Code     0  startup_stm32f10x_md.o(.text)
    DMA1_Channel6_IRQHandler                 0x080001b3   Thumb Code     0  startup_stm32f10x_md.o(.text)
    DMA1_Channel7_IRQHandler                 0x080001b3   Thumb Code     0  startup_stm32f10x_md.o(.text)
    EXTI0_IRQHandler                         0x080001b3   Thumb Code     0  startup_stm32f10x_md.o(.text)
    EXTI15_10_IRQHandler                     0x080001b3   Thumb Code     0  startup_stm32f10x_md.o(.text)
    EXTI1_IRQHandler                         0x080001b3   Thumb Code     0  startup_stm32f10x_md.o(.text)
    EXTI2_IRQHandler                         0x080001b3   Thumb Code     0  startup_stm32f10x_md.o(.text)
    EXTI3_IRQHandler                         0x080001b3   Thumb Code     0  startup_stm32f10x_md.o(.text)
    EXTI4_IRQHandler                         0x080001b3   Thumb Code     0  startup_stm32f10x_md.o(.text)
    EXTI9_5_IRQHandler                       0x080001b3   Thumb Code     0  startup_stm32f10x_md.o(.text)
    FLASH_IRQHandler                         0x080001b3   Thumb Code     0  startup_stm32f10x_md.o(.text)
    I2C1_ER_IRQHandler                       0x080001b3   Thumb Code     0  startup_stm32f10x_md.o(.text)
    I2C1_EV_IRQHandler                       0x080001b3   Thumb Code     0  startup_stm32f10x_md.o(.text)
    I2C2_ER_IRQHandler                       0x080001b3   Thumb Code     0  startup_stm32f10x_md.o(.text)
    I2C2_EV_IRQHandler                       0x080001b3   Thumb Code     0  startup_stm32f10x_md.o(.text)
    PVD_IRQHandler                           0x080001b3   Thumb Code     0  startup_stm32f10x_md.o(.text)
    RCC_IRQHandler                           0x080001b3   Thumb Code     0  startup_stm32f10x_md.o(.text)
    RTCAlarm_IRQHandler                      0x080001b3   Thumb Code     0  startup_stm32f10x_md.o(.text)
    RTC_IRQHandler                           0x080001b3   Thumb Code     0  startup_stm32f10x_md.o(.text)
    SPI1_IRQHandler                          0x080001b3   Thumb Code     0  startup_stm32f10x_md.o(.text)
    SPI2_IRQHandler                          0x080001b3   Thumb Code     0  startup_stm32f10x_md.o(.text)
    TAMPER_IRQHandler                        0x080001b3   Thumb Code     0  startup_stm32f10x_md.o(.text)
    TIM1_BRK_IRQHandler                      0x080001b3   Thumb Code     0  startup_stm32f10x_md.o(.text)
    TIM1_CC_IRQHandler                       0x080001b3   Thumb Code     0  startup_stm32f10x_md.o(.text)
    TIM1_TRG_COM_IRQHandler                  0x080001b3   Thumb Code     0  startup_stm32f10x_md.o(.text)
    TIM1_UP_IRQHandler                       0x080001b3   Thumb Code     0  startup_stm32f10x_md.o(.text)
    TIM3_IRQHandler                          0x080001b3   Thumb Code     0  startup_stm32f10x_md.o(.text)
    TIM4_IRQHandler                          0x080001b3   Thumb Code     0  startup_stm32f10x_md.o(.text)
    USART1_IRQHandler                        0x080001b3   Thumb Code     0  startup_stm32f10x_md.o(.text)
    USART2_IRQHandler                        0x080001b3   Thumb Code     0  startup_stm32f10x_md.o(.text)
    USART3_IRQHandler                        0x080001b3   Thumb Code     0  startup_stm32f10x_md.o(.text)
    USBWakeUp_IRQHandler                     0x080001b3   Thumb Code     0  startup_stm32f10x_md.o(.text)
    USB_HP_CAN1_TX_IRQHandler                0x080001b3   Thumb Code     0  startup_stm32f10x_md.o(.text)
    USB_LP_CAN1_RX0_IRQHandler               0x080001b3   Thumb Code     0  startup_stm32f10x_md.o(.text)
    WWDG_IRQHandler                          0x080001b3   Thumb Code     0  startup_stm32f10x_md.o(.text)
    __user_initial_stackheap                 0x080001b5   Thumb Code     0  startup_stm32f10x_md.o(.text)
    __use_two_region_memory                  0x080001d9   Thumb Code     2  heapauxi.o(.text)
    __rt_heap_escrow$2region                 0x080001db   Thumb Code     2  heapauxi.o(.text)
    __rt_heap_expand$2region                 0x080001dd   Thumb Code     2  heapauxi.o(.text)
    __user_setup_stackheap                   0x080001df   Thumb Code    74  sys_stackheap_outer.o(.text)
    exit                                     0x08000229   Thumb Code    18  exit.o(.text)
    __user_libspace                          0x0800023d   Thumb Code     8  libspace.o(.text)
    __user_perproc_libspace                  0x0800023d   Thumb Code     0  libspace.o(.text)
    __user_perthread_libspace                0x0800023d   Thumb Code     0  libspace.o(.text)
    _sys_exit                                0x08000245   Thumb Code     8  sys_exit.o(.text)
    __I$use$semihosting                      0x08000251   Thumb Code     0  use_no_semi.o(.text)
    __use_no_semihosting_swi                 0x08000251   Thumb Code     2  use_no_semi.o(.text)
    __semihosting_library_function           0x08000253   Thumb Code     0  indicate_semi.o(.text)
    SystemInit                               0x08000381   Thumb Code   102  system_stm32f10x.o(.text.SystemInit)
    TIM2_IRQHandler                          0x080003e9   Thumb Code    46  drv_timer.o(.text.TIM2_IRQHandler)
    main                                     0x08000419   Thumb Code    10  app_main.o(.text.main)
    Region$$Table$$Base                      0x08000424   Number         0  anon$$obj.o(Region$$Table)
    Region$$Table$$Limit                     0x08000434   Number         0  anon$$obj.o(Region$$Table)
    __libspace_start                         0x20000000   Data          96  libspace.o(.bss)
    __temporary_stack_top$libspace           0x20000060   Data           0  libspace.o(.bss)



==============================================================================

Memory Map of the image

  Image Entry point : 0x08000199

  Load Region LR_1 (Base: 0x08000000, Size: 0x00000434, Max: 0xffffffff, ABSOLUTE)

    Execution Region ER_RO (Exec base: 0x08000000, Load base: 0x08000000, Size: 0x00000434, Max: 0xffffffff, ABSOLUTE)

    Exec Addr    Load Addr    Size         Type   Attr      Idx    E Section Name        Object

    0x08000000   0x08000000   0x000000ec   Data   RO          295    RESET               startup_stm32f10x_md.o
    0x080000ec   0x080000ec   0x00000008   Code   RO          323  * !!!main             c_w.l(__main.o)
    0x080000f4   0x080000f4   0x0000005c   Code   RO          539    !!!scatter          c_w.l(__scatter.o)
    0x08000150   0x08000150   0x00000002   Code   RO          540    !!handler_null      c_w.l(__scatter.o)
    0x08000152   0x08000152   0x00000002   PAD
    0x08000154   0x08000154   0x0000001c   Code   RO          543    !!handler_zi        c_w.l(__scatter_zi.o)
    0x08000170   0x08000170   0x00000002   Code   RO          401    .ARM.Collect$$libinit$$00000000  c_w.l(libinit.o)
    0x08000172   0x08000172   0x00000000   Code   RO          408    .ARM.Collect$$libinit$$00000002  c_w.l(libinit2.o)
    0x08000172   0x08000172   0x00000000   Code   RO          410    .ARM.Collect$$libinit$$00000004  c_w.l(libinit2.o)
    0x08000172   0x08000172   0x00000000   Code   RO          412    .ARM.Collect$$libinit$$00000006  c_w.l(libinit2.o)
    0x08000172   0x08000172   0x00000000   Code   RO          415    .ARM.Collect$$libinit$$0000000C  c_w.l(libinit2.o)
    0x08000172   0x08000172   0x00000000   Code   RO          417    .ARM.Collect$$libinit$$0000000E  c_w.l(libinit2.o)
    0x08000172   0x08000172   0x00000000   Code   RO          419    .ARM.Collect$$libinit$$00000010  c_w.l(libinit2.o)
    0x08000172   0x08000172   0x00000000   Code   RO          422    .ARM.Collect$$libinit$$00000013  c_w.l(libinit2.o)
    0x08000172   0x08000172   0x00000000   Code   RO          424    .ARM.Collect$$libinit$$00000015  c_w.l(libinit2.o)
    0x08000172   0x08000172   0x00000000   Code   RO          426    .ARM.Collect$$libinit$$00000017  c_w.l(libinit2.o)
    0x08000172   0x08000172   0x00000000   Code   RO          428    .ARM.Collect$$libinit$$00000019  c_w.l(libinit2.o)
    0x08000172   0x08000172   0x00000000   Code   RO          430    .ARM.Collect$$libinit$$0000001B  c_w.l(libinit2.o)
    0x08000172   0x08000172   0x00000000   Code   RO          432    .ARM.Collect$$libinit$$0000001D  c_w.l(libinit2.o)
    0x08000172   0x08000172   0x00000000   Code   RO          434    .ARM.Collect$$libinit$$0000001F  c_w.l(libinit2.o)
    0x08000172   0x08000172   0x00000000   Code   RO          436    .ARM.Collect$$libinit$$00000021  c_w.l(libinit2.o)
    0x08000172   0x08000172   0x00000000   Code   RO          438    .ARM.Collect$$libinit$$00000023  c_w.l(libinit2.o)
    0x08000172   0x08000172   0x00000000   Code   RO          440    .ARM.Collect$$libinit$$00000025  c_w.l(libinit2.o)
    0x08000172   0x08000172   0x00000000   Code   RO          442    .ARM.Collect$$libinit$$00000027  c_w.l(libinit2.o)
    0x08000172   0x08000172   0x00000000   Code   RO          446    .ARM.Collect$$libinit$$0000002E  c_w.l(libinit2.o)
    0x08000172   0x08000172   0x00000000   Code   RO          448    .ARM.Collect$$libinit$$00000030  c_w.l(libinit2.o)
    0x08000172   0x08000172   0x00000000   Code   RO          450    .ARM.Collect$$libinit$$00000032  c_w.l(libinit2.o)
    0x08000172   0x08000172   0x00000000   Code   RO          452    .ARM.Collect$$libinit$$00000034  c_w.l(libinit2.o)
    0x08000172   0x08000172   0x00000002   Code   RO          453    .ARM.Collect$$libinit$$00000035  c_w.l(libinit2.o)
    0x08000174   0x08000174   0x00000002   Code   RO          475    .ARM.Collect$$libshutdown$$00000000  c_w.l(libshutdown.o)
    0x08000176   0x08000176   0x00000000   Code   RO          490    .ARM.Collect$$libshutdown$$00000002  c_w.l(libshutdown2.o)
    0x08000176   0x08000176   0x00000000   Code   RO          492    .ARM.Collect$$libshutdown$$00000004  c_w.l(libshutdown2.o)
    0x08000176   0x08000176   0x00000000   Code   RO          495    .ARM.Collect$$libshutdown$$00000007  c_w.l(libshutdown2.o)
    0x08000176   0x08000176   0x00000000   Code   RO          498    .ARM.Collect$$libshutdown$$0000000A  c_w.l(libshutdown2.o)
    0x08000176   0x08000176   0x00000000   Code   RO          500    .ARM.Collect$$libshutdown$$0000000C  c_w.l(libshutdown2.o)
    0x08000176   0x08000176   0x00000000   Code   RO          503    .ARM.Collect$$libshutdown$$0000000F  c_w.l(libshutdown2.o)
    0x08000176   0x08000176   0x00000002   Code   RO          504    .ARM.Collect$$libshutdown$$00000010  c_w.l(libshutdown2.o)
    0x08000178   0x08000178   0x00000000   Code   RO          367    .ARM.Collect$$rtentry$$00000000  c_w.l(__rtentry.o)
    0x08000178   0x08000178   0x00000000   Code   RO          378    .ARM.Collect$$rtentry$$00000002  c_w.l(__rtentry2.o)
    0x08000178   0x08000178   0x00000006   Code   RO          390    .ARM.Collect$$rtentry$$00000004  c_w.l(__rtentry4.o)
    0x0800017e   0x0800017e   0x00000000   Code   RO          380    .ARM.Collect$$rtentry$$00000009  c_w.l(__rtentry2.o)
    0x0800017e   0x0800017e   0x00000004   Code   RO          381    .ARM.Collect$$rtentry$$0000000A  c_w.l(__rtentry2.o)
    0x08000182   0x08000182   0x00000000   Code   RO          383    .ARM.Collect$$rtentry$$0000000C  c_w.l(__rtentry2.o)
    0x08000182   0x08000182   0x00000008   Code   RO          384    .ARM.Collect$$rtentry$$0000000D  c_w.l(__rtentry2.o)
    0x0800018a   0x0800018a   0x00000002   Code   RO          405    .ARM.Collect$$rtexit$$00000000  c_w.l(rtexit.o)
    0x0800018c   0x0800018c   0x00000000   Code   RO          455    .ARM.Collect$$rtexit$$00000002  c_w.l(rtexit2.o)
    0x0800018c   0x0800018c   0x00000004   Code   RO          456    .ARM.Collect$$rtexit$$00000003  c_w.l(rtexit2.o)
    0x08000190   0x08000190   0x00000006   Code   RO          457    .ARM.Collect$$rtexit$$00000004  c_w.l(rtexit2.o)
    0x08000196   0x08000196   0x00000002   PAD
    0x08000198   0x08000198   0x00000040   Code   RO          296  * .text               startup_stm32f10x_md.o
    0x080001d8   0x080001d8   0x00000006   Code   RO          321    .text               c_w.l(heapauxi.o)
    0x080001de   0x080001de   0x0000004a   Code   RO          392    .text               c_w.l(sys_stackheap_outer.o)
    0x08000228   0x08000228   0x00000012   Code   RO          394    .text               c_w.l(exit.o)
    0x0800023a   0x0800023a   0x00000002   PAD
    0x0800023c   0x0800023c   0x00000008   Code   RO          402    .text               c_w.l(libspace.o)
    0x08000244   0x08000244   0x0000000c   Code   RO          465    .text               c_w.l(sys_exit.o)
    0x08000250   0x08000250   0x00000002   Code   RO          480    .text               c_w.l(use_no_semi.o)
    0x08000252   0x08000252   0x00000000   Code   RO          482    .text               c_w.l(indicate_semi.o)
    0x08000252   0x08000252   0x00000002   PAD
    0x08000254   0x08000254   0x00000008   Code   RO          305    .text.SetSysClock   system_stm32f10x.o
    0x0800025c   0x0800025c   0x00000122   Code   RO          309    .text.SetSysClockTo72  system_stm32f10x.o
    0x0800037e   0x0800037e   0x00000002   PAD
    0x08000380   0x08000380   0x00000066   Code   RO          303    .text.SystemInit    system_stm32f10x.o
    0x080003e6   0x080003e6   0x00000002   PAD
    0x080003e8   0x080003e8   0x0000002e   Code   RO          152    .text.TIM2_IRQHandler  drv_timer.o
    0x08000416   0x08000416   0x00000002   PAD
    0x08000418   0x08000418   0x0000000a   Code   RO            2    .text.main          app_main.o
    0x08000422   0x08000422   0x00000002   PAD
    0x08000424   0x08000424   0x00000010   Data   RO          538    Region$$Table       anon$$obj.o


    Execution Region ER_RW (Exec base: 0x20000000, Load base: 0x08000434, Size: 0x00000000, Max: 0xffffffff, ABSOLUTE)

    **** No section assigned to this execution region ****


    Execution Region ER_ZI (Exec base: 0x20000000, Load base: 0x08000434, Size: 0x00000668, Max: 0xffffffff, ABSOLUTE)

    Exec Addr    Load Addr    Size         Type   Attr      Idx    E Section Name        Object

    0x20000000        -       0x00000060   Zero   RW          403    .bss                c_w.l(libspace.o)
    0x20000060        -       0x00000004   Zero   RW          154    .bss.s_tickMs       drv_timer.o
    0x20000064   0x08000434   0x00000004   PAD
    0x20000068        -       0x00000200   Zero   RW          294    HEAP                startup_stm32f10x_md.o
    0x20000268        -       0x00000400   Zero   RW          293    STACK               startup_stm32f10x_md.o


==============================================================================

Image component sizes


      Code (inc. data)   RO Data    RW Data    ZI Data      Debug   Object Name

        10          0          0          0          0        371   app_main.o
        46          0          0          0          4       4913   drv_timer.o
        64         26        236          0       1536        820   startup_stm32f10x_md.o
       400          0          0          0          0       2909   system_stm32f10x.o

    ----------------------------------------------------------------------
       528         26        252          0       1544       9013   Object Totals
         0          0         16          0          0          0   (incl. Generated)
         8          0          0          0          4          0   (incl. Padding)

    ----------------------------------------------------------------------

      Code (inc. data)   RO Data    RW Data    ZI Data      Debug   Library Member Name

         8          0          0          0          0         68   __main.o
         0          0          0          0          0          0   __rtentry.o
        12          0          0          0          0          0   __rtentry2.o
         6          0          0          0          0          0   __rtentry4.o
        94          8          0          0          0          0   __scatter.o
        28          0          0          0          0          0   __scatter_zi.o
        18          0          0          0          0         80   exit.o
         6          0          0          0          0        152   heapauxi.o
         0          0          0          0          0          0   indicate_semi.o
         2          0          0          0          0          0   libinit.o
         2          0          0          0          0          0   libinit2.o
         2          0          0          0          0          0   libshutdown.o
         2          0          0          0          0          0   libshutdown2.o
         8          4          0          0         96         68   libspace.o
         2          0          0          0          0          0   rtexit.o
        10          0          0          0          0          0   rtexit2.o
        12          4          0          0          0         68   sys_exit.o
        74          0          0          0          0         80   sys_stackheap_outer.o
         2          0          0          0          0         68   use_no_semi.o

    ----------------------------------------------------------------------
       296         16          0          0         96        584   Library Totals
         8          0          0          0          0          0   (incl. Padding)

    ----------------------------------------------------------------------

      Code (inc. data)   RO Data    RW Data    ZI Data      Debug   Library Name

       288         16          0          0         96        584   c_w.l

    ----------------------------------------------------------------------
       296         16          0          0         96        584   Library Totals

    ----------------------------------------------------------------------

==============================================================================


      Code (inc. data)   RO Data    RW Data    ZI Data      Debug   

       824         42        252          0       1640       9449   Grand Totals
       824         42        252          0       1640       9449   ELF Image Totals
       824         42        252          0          0          0   ROM Totals

==============================================================================

    Total RO  Size (Code + RO Data)                 1076 (   1.05kB)
    Total RW  Size (RW Data + ZI Data)              1640 (   1.60kB)
    Total ROM Size (Code + RO Data + RW Data)       1076 (   1.05kB)

==============================================================================

